Archive member included because of file (symbol)

C:/ProgramData/MATLAB/SupportPackages/R2023b/aIDE/portable/packages/arduino/hardware/sam/1.6.12/variants/arduino_due_x/libsam_sam3x8e_gcc_rel.a(startup_sam3xa.o)
                              (Reset_Handler)
C:/ProgramData/MATLAB/SupportPackages/R2023b/aIDE/portable/packages/arduino/hardware/sam/1.6.12/variants/arduino_due_x/libsam_sam3x8e_gcc_rel.a(uotghs.o)
                              C:/ProgramData/MATLAB/SupportPackages/R2023b/aIDE/portable/packages/arduino/hardware/sam/1.6.12/variants/arduino_due_x/libsam_sam3x8e_gcc_rel.a(startup_sam3xa.o) (UOTGHS_Handler)
C:/Users/Rafael/DOCUME~1/MATLAB/R2023b/ARDUIN~1/ARDUIN~1/FASTER~1/libcore.a(hooks.o)
                              arm_m3_cortex_handler.o (sysTickHook)
C:/Users/Rafael/DOCUME~1/MATLAB/R2023b/ARDUIN~1/ARDUIN~1/FASTER~1/libcore.a(syscalls_sam3.o)
                              (_sbrk)
C:/Users/Rafael/DOCUME~1/MATLAB/R2023b/ARDUIN~1/ARDUIN~1/FASTER~1/libcore.a(wiring.o)
                              io_wrappers.o (millis)
C:/Users/Rafael/DOCUME~1/MATLAB/R2023b/ARDUIN~1/ARDUIN~1/FASTER~1/libcore.a(wiring_digital.o)
                              AS5600.o (pinMode)
C:/Users/Rafael/DOCUME~1/MATLAB/R2023b/ARDUIN~1/ARDUIN~1/FASTER~1/libcore.a(abi.o)
                              Wire.o (__cxa_pure_virtual)
C:/Users/Rafael/DOCUME~1/MATLAB/R2023b/ARDUIN~1/ARDUIN~1/FASTER~1/libcore.a(Print.o)
                              Wire.o (Print::write(unsigned char const*, unsigned int))
C:/Users/Rafael/DOCUME~1/MATLAB/R2023b/ARDUIN~1/ARDUIN~1/FASTER~1/libcore.a(Reset.o)
                              arm_m3_cortex_handler.o (tickReset)
C:/Users/Rafael/DOCUME~1/MATLAB/R2023b/ARDUIN~1/ARDUIN~1/FASTER~1/libcore.a(UARTClass.o)
                              rtiostream_serial_daemon.o (UARTClass::available())
C:/Users/Rafael/DOCUME~1/MATLAB/R2023b/ARDUIN~1/ARDUIN~1/FASTER~1/libcore.a(USARTClass.o)
                              io_wrappers.o (USARTClass::begin(unsigned long, UARTClass::UARTModes))
C:/Users/Rafael/DOCUME~1/MATLAB/R2023b/ARDUIN~1/ARDUIN~1/FASTER~1/libcore.a(watchdog.o)
                              MW_ArduinoHWInit.o (watchdogDisable())
C:/Users/Rafael/DOCUME~1/MATLAB/R2023b/ARDUIN~1/ARDUIN~1/FASTER~1/libcore.a(variant.o)
                              ert_main.o (init)
C:/Users/Rafael/DOCUME~1/MATLAB/R2023b/ARDUIN~1/ARDUIN~1/FASTER~1/libcore.a(wiring_analog.o)
                              C:/Users/Rafael/DOCUME~1/MATLAB/R2023b/ARDUIN~1/ARDUIN~1/FASTER~1/libcore.a(variant.o) (analogOutputInit)
C:/Users/Rafael/DOCUME~1/MATLAB/R2023b/ARDUIN~1/ARDUIN~1/FASTER~1/libcore.a(RingBuffer.o)
                              C:/Users/Rafael/DOCUME~1/MATLAB/R2023b/ARDUIN~1/ARDUIN~1/FASTER~1/libcore.a(variant.o) (RingBuffer::RingBuffer())
C:/ProgramData/MATLAB/SupportPackages/R2023b/aIDE/portable/packages/arduino/hardware/sam/1.6.12/variants/arduino_due_x/libsam_sam3x8e_gcc_rel.a(pio.o)
                              C:/Users/Rafael/DOCUME~1/MATLAB/R2023b/ARDUIN~1/ARDUIN~1/FASTER~1/libcore.a(wiring_digital.o) (PIO_PullUp)
C:/ProgramData/MATLAB/SupportPackages/R2023b/aIDE/portable/packages/arduino/hardware/sam/1.6.12/variants/arduino_due_x/libsam_sam3x8e_gcc_rel.a(pmc.o)
                              Wire.o (pmc_enable_periph_clk)
C:/ProgramData/MATLAB/SupportPackages/R2023b/aIDE/portable/packages/arduino/hardware/sam/1.6.12/variants/arduino_due_x/libsam_sam3x8e_gcc_rel.a(pwmc.o)
                              C:/Users/Rafael/DOCUME~1/MATLAB/R2023b/ARDUIN~1/ARDUIN~1/FASTER~1/libcore.a(wiring_analog.o) (PWMC_ConfigureChannel)
C:/ProgramData/MATLAB/SupportPackages/R2023b/aIDE/portable/packages/arduino/hardware/sam/1.6.12/variants/arduino_due_x/libsam_sam3x8e_gcc_rel.a(spi.o)
                              SPI.o (SPI_Enable)
C:/ProgramData/MATLAB/SupportPackages/R2023b/aIDE/portable/packages/arduino/hardware/sam/1.6.12/variants/arduino_due_x/libsam_sam3x8e_gcc_rel.a(tc.o)
                              arduinoARMScheduler.o (TC_Configure)
C:/ProgramData/MATLAB/SupportPackages/R2023b/aIDE/portable/packages/arduino/hardware/sam/1.6.12/variants/arduino_due_x/libsam_sam3x8e_gcc_rel.a(timetick.o)
                              arm_m3_cortex_handler.o (TimeTick_Increment)
C:/ProgramData/MATLAB/SupportPackages/R2023b/aIDE/portable/packages/arduino/hardware/sam/1.6.12/variants/arduino_due_x/libsam_sam3x8e_gcc_rel.a(twi.o)
                              Wire.o (TWI_SetClock)
C:/ProgramData/MATLAB/SupportPackages/R2023b/aIDE/portable/packages/arduino/hardware/sam/1.6.12/variants/arduino_due_x/libsam_sam3x8e_gcc_rel.a(wdt.o)
                              C:/Users/Rafael/DOCUME~1/MATLAB/R2023b/ARDUIN~1/ARDUIN~1/FASTER~1/libcore.a(watchdog.o) (WDT_Enable)
C:/ProgramData/MATLAB/SupportPackages/R2023b/aIDE/portable/packages/arduino/hardware/sam/1.6.12/variants/arduino_due_x/libsam_sam3x8e_gcc_rel.a(system_sam3xa.o)
                              C:/Users/Rafael/DOCUME~1/MATLAB/R2023b/ARDUIN~1/ARDUIN~1/FASTER~1/libcore.a(variant.o) (SystemInit)
[...]
Memory Configuration

Name             Origin             Length             Attributes
rom              0x00080000         0x00080000         xr
sram0            0x20000000         0x00010000         xrw
sram1            0x20080000         0x00008000         xrw
ram              0x20070000         0x00018000         xrw
*default*        0x00000000         0xffffffff

Linker script and memory map

LOAD c:/programdata/matlab/supportpackages/r2023b/aide/portable/packages/arduino/tools/arm-none-eabi-gcc/4.8.3-2014q1/bin/../lib/gcc/arm-none-eabi/4.8.3/armv7-m/crti.o
LOAD c:/programdata/matlab/supportpackages/r2023b/aide/portable/packages/arduino/tools/arm-none-eabi-gcc/4.8.3-2014q1/bin/../lib/gcc/arm-none-eabi/4.8.3/armv7-m/crtbegin.o
LOAD c:/programdata/matlab/supportpackages/r2023b/aide/portable/packages/arduino/tools/arm-none-eabi-gcc/4.8.3-2014q1/bin/../lib/gcc/arm-none-eabi/4.8.3/../../../../arm-none-eabi/lib/armv7-m/crt0.o
START GROUP
LOAD C:/ProgramData/MATLAB/SupportPackages/R2023b/aIDE/portable/packages/arduino/hardware/sam/1.6.12/variants/arduino_due_x/libsam_sam3x8e_gcc_rel.a
LOAD AS5600Driver.o
LOAD AS5600.o
LOAD SPI.o
LOAD Wire.o
LOAD xcp_ext_mode.o
LOAD AS5600_Driver.o
LOAD AS5600_Driver_data.o
LOAD rtGetInf.o
LOAD rtGetNaN.o
LOAD rt_nonfinite.o
LOAD xcp_ext_common.o
LOAD xcp_ext_classic_trigger.o
LOAD xcp.o
LOAD xcp_standard.o
LOAD xcp_daq.o
LOAD xcp_calibration.o
LOAD xcp_fifo.o
LOAD xcp_transport.o
LOAD xcp_mem_default.o
LOAD xcp_drv_rtiostream.o
LOAD xcp_utils.o
LOAD xcp_frame_serial.o
LOAD xcp_ext_param_default_serial.o
LOAD arm_m3_cortex_handler.o
LOAD MW_ArduinoHWInit.o
LOAD io_wrappers.o
LOAD arduinoARMScheduler.o
LOAD m3m4m4f_multitasking.o
LOAD platform_timer.o
LOAD rtiostream_serial_daemon.o
LOAD sys_arch.o
LOAD ert_main.o
LOAD C:/Users/Rafael/DOCUME~1/MATLAB/R2023b/ARDUIN~1/ARDUIN~1/FASTER~1/MW_RebuildSrc_Core.o
LOAD C:/Users/Rafael/DOCUME~1/MATLAB/R2023b/ARDUIN~1/ARDUIN~1/FASTER~1/libcore.a
END GROUP
LOAD c:/programdata/matlab/supportpackages/r2023b/aide/portable/packages/arduino/tools/arm-none-eabi-gcc/4.8.3-2014q1/bin/../lib/gcc/arm-none-eabi/4.8.3/../../../../arm-none-eabi/lib/armv7-m\libm.a
LOAD C:/Users/Rafael/DOCUME~1/MATLAB/R2023b/ARDUIN~1/ARDUIN~1/FASTER~1\libcore.a
START GROUP
LOAD c:/programdata/matlab/supportpackages/r2023b/aide/portable/packages/arduino/tools/arm-none-eabi-gcc/4.8.3-2014q1/bin/../lib/gcc/arm-none-eabi/4.8.3/armv7-m\libgcc.a
LOAD c:/programdata/matlab/supportpackages/r2023b/aide/portable/packages/arduino/tools/arm-none-eabi-gcc/4.8.3-2014q1/bin/../lib/gcc/arm-none-eabi/4.8.3/../../../../arm-none-eabi/lib/armv7-m\libg.a
LOAD c:/programdata/matlab/supportpackages/r2023b/aide/portable/packages/arduino/tools/arm-none-eabi-gcc/4.8.3-2014q1/bin/../lib/gcc/arm-none-eabi/4.8.3/../../../../arm-none-eabi/lib/armv7-m\libc.a
END GROUP
LOAD c:/programdata/matlab/supportpackages/r2023b/aide/portable/packages/arduino/tools/arm-none-eabi-gcc/4.8.3-2014q1/bin/../lib/gcc/arm-none-eabi/4.8.3/armv7-m/crtend.o
LOAD c:/programdata/matlab/supportpackages/r2023b/aide/portable/packages/arduino/tools/arm-none-eabi-gcc/4.8.3-2014q1/bin/../lib/gcc/arm-none-eabi/4.8.3/armv7-m/crtn.o

.text           0x00080000     0x9204
                0x00080000                . = ALIGN (0x4)
                0x00080000                _sfixed = .
 *(.vectors .vectors.*)
 .vectors       0x00080000       0xf4 C:/ProgramData/MATLAB/SupportPackages/R2023b/aIDE/portable/packages/arduino/hardware/sam/1.6.12/variants/arduino_due_x/libsam_sam3x8e_gcc_rel.a(startup_sam3xa.o)
                0x00080000                exception_table
 *(.text .text.* .gnu.linkonce.t.*)
 .text          0x000800f4       0x54 c:/programdata/matlab/supportpackages/r2023b/aide/portable/packages/arduino/tools/arm-none-eabi-gcc/4.8.3-2014q1/bin/../lib/gcc/arm-none-eabi/4.8.3/armv7-m/crtbegin.o
 .text.Reset_Handler
                0x00080148       0x78 C:/ProgramData/MATLAB/SupportPackages/R2023b/aIDE/portable/packages/arduino/hardware/sam/1.6.12/variants/arduino_due_x/libsam_sam3x8e_gcc_rel.a(startup_sam3xa.o)
                0x00080148                Reset_Handler
 .text.UOTGHS_Handler
                0x000801c0       0x10 C:/ProgramData/MATLAB/SupportPackages/R2023b/aIDE/portable/packages/arduino/hardware/sam/1.6.12/variants/arduino_due_x/libsam_sam3x8e_gcc_rel.a(uotghs.o)
                0x000801c0                UOTGHS_Handler
 .text.AS5600Driver_Init
                0x000801d0       0x2c AS5600Driver.o
                0x000801d0                AS5600Driver_Init
 .text.AS5600Driver_Step
                0x000801fc       0x14 AS5600Driver.o
                0x000801fc                AS5600Driver_Step
 .text.startup._GLOBAL__sub_I_as5600
                0x00080210       0x10 AS5600Driver.o
 .text._ZN6AS560011isConnectedEv
                0x00080220       0x1c AS5600.o
                0x00080220                AS5600::isConnected()
 .text._ZN6AS56008writeRegEhh
                0x0008023c       0x3a AS5600.o
                0x0008023c                AS5600::writeReg(unsigned char, unsigned char)
 .text._ZN6AS56007readRegEh
                0x00080276       0x54 AS5600.o
                0x00080276                AS5600::readReg(unsigned char)
 .text._ZN6AS56008readReg2Eh
                0x000802ca       0x62 AS5600.o
                0x000802ca                AS5600::readReg2(unsigned char)
 .text._ZN7TwoWire5writeEi
                0x0008032c        0xc AS5600.o
                0x0008032c                TwoWire::write(int)
 .text._ZN6AS56009writeReg2Eht
                0x00080338       0x40 AS5600.o
                0x00080338                AS5600::writeReg2(unsigned char, unsigned short)
 .text._ZN6AS5600C2EP7TwoWire
                0x00080378       0x28 AS5600.o
                0x00080378                AS5600::AS5600(TwoWire*)
                0x00080378                AS5600::AS5600(TwoWire*)
 .text._ZN6AS560012setDirectionEh
                0x000803a0        0xe AS5600.o
                0x000803a0                AS5600::setDirection(unsigned char)
 .text._ZN6AS56005beginEh
                0x000803ae       0x24 AS5600.o
                0x000803ae                AS5600::begin(unsigned char)
 *fill*         0x000803d2        0x2 
 .text._ZN6AS56008rawAngleEv
                0x000803d4       0x34 AS5600.o
                0x000803d4                AS5600::rawAngle()
 .text._ZL10SPI_0_Initv
                0x00080408       0x48 SPI.o
 .text.startup._GLOBAL__sub_I__ZN8SPIClassC2EP3SpimPFvvE
                0x00080450       0x24 SPI.o
 .text._ZN7TwoWire5writeEPKhj
                0x00080474       0x50 Wire.o
                0x00080474                TwoWire::write(unsigned char const*, unsigned int)
 .text._ZN7TwoWire9availableEv
                0x000804c4        0xc Wire.o
                0x000804c4                TwoWire::available()
 .text._ZN7TwoWire4readEv
                0x000804d0       0x1e Wire.o
                0x000804d0                TwoWire::read()
 .text._ZN7TwoWire4peekEv
                0x000804ee       0x16 Wire.o
                0x000804ee                TwoWire::peek()
 .text._ZN7TwoWire5flushEv
                0x00080504        0x2 Wire.o
                0x00080504                TwoWire::flush()
 .text._ZN7TwoWire5writeEh
                0x00080506       0x3a Wire.o
                0x00080506                TwoWire::write(unsigned char)
 .text._ZL16TWI_WaitByteSentP3Twim.constprop.3
                0x00080540       0x2c Wire.o
 .text._ZL24TWI_WaitTransferCompleteP3Twim.constprop.4
                0x0008056c       0x2c Wire.o
 .text._ZL9Wire_Initv
                0x00080598       0x54 Wire.o
 .text._ZL12Wire1_Deinitv
                0x000805ec       0x18 Wire.o
 .text._ZL11Wire_Deinitv
                0x00080604       0x18 Wire.o
 .text._ZL10Wire1_Initv
                0x0008061c       0x54 Wire.o
 .text._ZN7TwoWireC2EP3TwiPFvvES3_
                0x00080670       0x48 Wire.o
                0x00080670                TwoWire::TwoWire(Twi*, void (*)(), void (*)())
                0x00080670                TwoWire::TwoWire(Twi*, void (*)(), void (*)())
 .text._ZN7TwoWire5beginEv
                0x000806b8       0x30 Wire.o
                0x000806b8                TwoWire::begin()
 .text._ZN7TwoWire8setClockEm
                0x000806e8       0x14 Wire.o
                0x000806e8                TwoWire::setClock(unsigned long)
 .text._ZN7TwoWire11requestFromEhhmhh
                0x000806fc       0x78 Wire.o
                0x000806fc                TwoWire::requestFrom(unsigned char, unsigned char, unsigned long, unsigned char, unsigned char)
 .text._ZN7TwoWire11requestFromEhhh
                0x00080774       0x12 Wire.o
                0x00080774                TwoWire::requestFrom(unsigned char, unsigned char, unsigned char)
 .text._ZN7TwoWire11requestFromEhh
                0x00080786        0x6 Wire.o
                0x00080786                TwoWire::requestFrom(unsigned char, unsigned char)
 .text._ZN7TwoWire17beginTransmissionEh
                0x0008078c       0x12 Wire.o
                0x0008078c                TwoWire::beginTransmission(unsigned char)
 .text._ZN7TwoWire15endTransmissionEh
                0x0008079e       0x82 Wire.o
                0x0008079e                TwoWire::endTransmission(unsigned char)
 .text._ZN7TwoWire15endTransmissionEv
                0x00080820        0x6 Wire.o
                0x00080820                TwoWire::endTransmission()
 .text._ZN7TwoWire9onServiceEv
                0x00080826      0x118 Wire.o
                0x00080826                TwoWire::onService()
 *fill*         0x0008093e        0x2 
 .text.TWI1_Handler
                0x00080940        0xc Wire.o
                0x00080940                TWI1_Handler
 .text.TWI0_Handler
                0x0008094c        0xc Wire.o
                0x0008094c                TWI0_Handler
 .text.startup._GLOBAL__sub_I__ZN7TwoWireC2EP3TwiPFvvES3_
                0x00080958       0x40 Wire.o
 .text.extmodeParseArgs
                0x00080998        0x4 xcp_ext_mode.o
                0x00080998                extmodeParseArgs
 .text.extmodeInit
                0x0008099c       0x9c xcp_ext_mode.o
                0x0008099c                extmodeInit
 .text.extmodeWaitForHostRequest
                0x00080a38       0x94 xcp_ext_mode.o
                0x00080a38                extmodeWaitForHostRequest
 .text.extmodeEvent
                0x00080acc       0x80 xcp_ext_mode.o
                0x00080acc                extmodeEvent
 .text.extmodeBackgroundRun
                0x00080b4c        0x6 xcp_ext_mode.o
                0x00080b4c                extmodeBackgroundRun
 *fill*         0x00080b52        0x2 
 .text.extmodeReset
                0x00080b54       0x28 xcp_ext_mode.o
                0x00080b54                extmodeReset
 .text.extmodeStopRequested
                0x00080b7c        0xc xcp_ext_mode.o
                0x00080b7c                extmodeStopRequested
 .text.extmodeSimulationComplete
                0x00080b88        0xc xcp_ext_mode.o
                0x00080b88                extmodeSimulationComplete
 .text.AS5600_Driver_step
                0x00080b94       0xac AS5600_Driver.o
                0x00080b94                AS5600_Driver_step
 .text.AS5600_Driver_initialize
                0x00080c40       0xd8 AS5600_Driver.o
                0x00080c40                AS5600_Driver_initialize
 .text.AS5600_Driver_terminate
                0x00080d18        0x2 AS5600_Driver.o
                0x00080d18                AS5600_Driver_terminate
 *fill*         0x00080d1a        0x2 
 .text.rtGetInf
                0x00080d1c        0xc rtGetInf.o
                0x00080d1c                rtGetInf
 .text.rtGetInfF
                0x00080d28        0x6 rtGetInf.o
                0x00080d28                rtGetInfF
 *fill*         0x00080d2e        0x2 
 .text.rtGetMinusInf
                0x00080d30        0xc rtGetInf.o
                0x00080d30                rtGetMinusInf
 .text.rtGetMinusInfF
                0x00080d3c        0x8 rtGetInf.o
                0x00080d3c                rtGetMinusInfF
 .text.rtGetNaN
                0x00080d44        0xc rtGetNaN.o
                0x00080d44                rtGetNaN
 .text.rtGetNaNF
                0x00080d50        0x8 rtGetNaN.o
                0x00080d50                rtGetNaNF
 .text.rt_InitInfAndNaN
                0x00080d58       0x54 rt_nonfinite.o
                0x00080d58                rt_InitInfAndNaN
 .text.rtIsInf  0x00080dac       0x38 rt_nonfinite.o
                0x00080dac                rtIsInf
 .text.rtIsNaN  0x00080de4       0x28 rt_nonfinite.o
                0x00080de4                rtIsNaN
 *fill*         0x00080e0c        0x4 
 .text.xcpExtModeUpdateTime
                0x00080e10       0xd8 xcp_ext_common.o
                0x00080e10                xcpExtModeUpdateTime
 .text.xcpExtModeGetUpdatedTimestamp
                0x00080ee8       0x40 xcp_ext_common.o
                0x00080ee8                xcpExtModeGetUpdatedTimestamp
 .text.xcpExtModeInit
                0x00080f28       0x40 xcp_ext_common.o
                0x00080f28                xcpExtModeInit
 .text.xcpExtModeRunBackground
                0x00080f68       0x7a xcp_ext_common.o
                0x00080f68                xcpExtModeRunBackground
 *fill*         0x00080fe2        0x2 
 .text.xcpExtModeReset
                0x00080fe4       0xa0 xcp_ext_common.o
                0x00080fe4                xcpExtModeReset
 .text.xcpExtModeClassicTriggerInit
                0x00081084       0x4c xcp_ext_classic_trigger.o
                0x00081084                xcpExtModeClassicTriggerInit
 .text.xcpExtModeClassicTriggerEnabled
                0x000810d0      0x330 xcp_ext_classic_trigger.o
                0x000810d0                xcpExtModeClassicTriggerEnabled
 .text.xcpExtModeClassicTriggerReset
                0x00081400       0xbc xcp_ext_classic_trigger.o
                0x00081400                xcpExtModeClassicTriggerReset
 .text.xcpExtModeClassicTriggerForceEnableStatusUpdate
                0x000814bc       0x50 xcp_ext_classic_trigger.o
                0x000814bc                xcpExtModeClassicTriggerForceEnableStatusUpdate
 .text.unknownInputPacketHandler
                0x0008150c        0xa xcp.o
 .text.discardInputPacketHandler
                0x00081516       0x10 xcp.o
 .text.genericOutputPacketHandler
                0x00081526       0x64 xcp.o
                0x00081526                genericOutputPacketHandler
 *fill*         0x0008158a        0x2 
 .text.xcpStatusGet
                0x0008158c        0xc xcp.o
                0x0008158c                xcpStatusGet
 .text.xcpStatusSet
                0x00081598        0xc xcp.o
                0x00081598                xcpStatusSet
 .text.xcpSessionStatusGet
                0x000815a4        0xc xcp.o
                0x000815a4                xcpSessionStatusGet
 .text.xcpSessionStatusSetMask
                0x000815b0       0x10 xcp.o
                0x000815b0                xcpSessionStatusSetMask
 .text.xcpSessionStatusClearMask
                0x000815c0       0x10 xcp.o
                0x000815c0                xcpSessionStatusClearMask
 .text.xcpResourceProtectionStatusGet
                0x000815d0        0xc xcp.o
                0x000815d0                xcpResourceProtectionStatusGet
 .text.xcpSessionConfigurationIdGet
                0x000815dc        0xc xcp.o
                0x000815dc                xcpSessionConfigurationIdGet
 .text.xcpFindPacket
                0x000815e8       0x26 xcp.o
                0x000815e8                xcpFindPacket
 *fill*         0x0008160e        0x2 
 .text.xcpInit  0x00081610       0x40 xcp.o
                0x00081610                xcpInit
 .text.xcpRun   0x00081650      0x18c xcp.o
                0x00081650                xcpRun
 .text.xcpEventExternalTimestamp
                0x000817dc       0x18 xcp.o
                0x000817dc                xcpEventExternalTimestamp
 .text.xcpGetStatus
                0x000817f4        0xc xcp.o
                0x000817f4                xcpGetStatus
 .text.xcpReset
                0x00081800       0x28 xcp.o
                0x00081800                xcpReset
 .text.xcpPackedModeEventsFlush
                0x00081828        0x4 xcp.o
                0x00081828                xcpPackedModeEventsFlush
 .text.xcpPackedModeEventReset
                0x0008182c        0x8 xcp.o
                0x0008182c                xcpPackedModeEventReset
 .text.getStatusInputPacketHandler
                0x00081834        0x8 xcp_standard.o
 .text.getPacket
                0x0008183c        0xc xcp_standard.o
 .text.uploadInputPacketHandler
                0x00081848       0x40 xcp_standard.o
 .text.synchInputPacketHandler
                0x00081888       0x1c xcp_standard.o
 .text.getStatusOutputPacketHandler
                0x000818a4       0x26 xcp_standard.o
 .text.disconnectInputPacketHandler
                0x000818ca       0x22 xcp_standard.o
 .text.connectInputPacketHandler
                0x000818ec       0x32 xcp_standard.o
 .text.connectOutputPacketHandler
                0x0008191e       0x38 xcp_standard.o
 *fill*         0x00081956        0x2 
 .text.xcpStandardInit
                0x00081958       0x10 xcp_standard.o
                0x00081958                xcpStandardInit
 .text.xcpStandardGetPacketLookup
                0x00081968        0xc xcp_standard.o
                0x00081968                xcpStandardGetPacketLookup
 .text.xcpStandardReset
                0x00081974        0xc xcp_standard.o
                0x00081974                xcpStandardReset
 .text.xcpStandardGetAddressFromMta
                0x00081980        0xc xcp_standard.o
                0x00081980                xcpStandardGetAddressFromMta
 .text.xcpStandardSetMta
                0x0008198c       0x14 xcp_standard.o
                0x0008198c                xcpStandardSetMta
 .text.shortUploadInputPacketHandler
                0x000819a0       0x40 xcp_standard.o
 .text.setMTAInputPacketHandler
                0x000819e0       0x22 xcp_standard.o
 *fill*         0x00081a02        0x2 
 .text.xcpStandardIncrementMta
                0x00081a04       0x10 xcp_standard.o
                0x00081a04                xcpStandardIncrementMta
 .text.shortUploadOutputPacketHandler
                0x00081a14       0x44 xcp_standard.o
 .text.uploadOutputPacketHandler
                0x00081a58       0x44 xcp_standard.o
 .text.isActiveDaqList
                0x00081a9c       0x1c xcp_daq.o
 .text.noActiveDaqLists
                0x00081ab8       0x2c xcp_daq.o
 .text.isValidDaqPtr
                0x00081ae4       0x44 xcp_daq.o
 .text.isDaqPackedModeEnabled
                0x00081b28       0x3c xcp_daq.o
 .text.odtPacketSize
                0x00081b64       0x20 xcp_daq.o
 .text.setDaqPtrInputPacketHandler
                0x00081b84       0x48 xcp_daq.o
 .text.writeDaqInputPacketHandler
                0x00081bcc       0x88 xcp_daq.o
 .text.setDaqListModeInputPacketHandler
                0x00081c54       0x88 xcp_daq.o
 .text.getDaqProcessorInfoInputPacketHandler
                0x00081cdc        0x8 xcp_daq.o
 .text.getDaqResolutionInfoInputPacketHandler
                0x00081ce4        0x8 xcp_daq.o
 .text.level1CommandInputPacketHandler
                0x00081cec       0x88 xcp_daq.o
 .text.getDaqResolutionInfoOutputPacketHandler
                0x00081d74       0x28 xcp_daq.o
 .text.getDaqProcessorInfoOutputPacketHandler
                0x00081d9c       0x2a xcp_daq.o
 *fill*         0x00081dc6        0x2 
 .text.getPacket
                0x00081dc8        0xc xcp_daq.o
 .text.allocOdtEntryInputPacketHandler
                0x00081dd4       0x98 xcp_daq.o
 .text.allocOdtInputPacketHandler
                0x00081e6c       0x88 xcp_daq.o
 .text.allocDaqInputPacketHandler
                0x00081ef4       0x98 xcp_daq.o
 .text.createDaqReservedPool
                0x00081f8c       0x40 xcp_daq.o
 .text.startStopDaqListOutputPacketHandler
                0x00081fcc       0x28 xcp_daq.o
 .text.xcpDaqWriteLock.isra.2
                0x00081ff4       0x28 xcp_daq.o
 .text.xcpDaqWriteUnlock.isra.3
                0x0008201c        0xc xcp_daq.o
 .text.startStopDaqListInputPacketHandler
                0x00082028      0x1cc xcp_daq.o
 .text.startStopSynchInputPacketHandler
                0x000821f4      0x154 xcp_daq.o
 .text.xcpDaqInit
                0x00082348       0x2c xcp_daq.o
                0x00082348                xcpDaqInit
 .text.xcpDaqGetPacketLookup
                0x00082374        0xc xcp_daq.o
                0x00082374                xcpDaqGetPacketLookup
 .text.xcpDaqEvent
                0x00082380      0x2b0 xcp_daq.o
                0x00082380                xcpDaqEvent
 .text.xcpDaqEventsFlush
                0x00082630       0xe8 xcp_daq.o
                0x00082630                xcpDaqEventsFlush
 .text.xcpDaqLock
                0x00082718        0x4 xcp_daq.o
                0x00082718                xcpDaqLock
 .text.xcpDaqUnlock
                0x0008271c        0x4 xcp_daq.o
                0x0008271c                xcpDaqUnlock
 .text.xcpResetDaqListStatus
                0x00082720       0xbc xcp_daq.o
                0x00082720                xcpResetDaqListStatus
 .text.freeDaqInputPacketHandler
                0x000827dc       0x22 xcp_daq.o
 *fill*         0x000827fe        0x2 
 .text.xcpDaqReset
                0x00082800       0x1c xcp_daq.o
                0x00082800                xcpDaqReset
 .text.getPacket
                0x0008281c        0xc xcp_calibration.o
 .text.shortDownloadInputPacketHandler
                0x00082828       0x4c xcp_calibration.o
 .text.downloadInputPacketHandler
                0x00082874       0x50 xcp_calibration.o
 .text.xcpCalibrationInit
                0x000828c4       0x10 xcp_calibration.o
                0x000828c4                xcpCalibrationInit
 .text.xcpCalibrationGetPacketLookup
                0x000828d4        0xc xcp_calibration.o
                0x000828d4                xcpCalibrationGetPacketLookup
 .text.xcpCalibrationReset
                0x000828e0        0x2 xcp_calibration.o
                0x000828e0                xcpCalibrationReset
 .text.xcpFifoInit
                0x000828e2        0x8 xcp_fifo.o
                0x000828e2                xcpFifoInit
 .text.xcpFifoEnqueue
                0x000828ea        0xc xcp_fifo.o
                0x000828ea                xcpFifoEnqueue
 .text.xcpFifoDequeue
                0x000828f6       0x12 xcp_fifo.o
                0x000828f6                xcpFifoDequeue
 .text.xcpFifoEnqueueHead
                0x00082908        0xc xcp_fifo.o
                0x00082908                xcpFifoEnqueueHead
 .text.xcpFifoReset
                0x00082914        0x8 xcp_fifo.o
                0x00082914                xcpFifoReset
 .text.xcpTransportEmptyTxFifo
                0x0008291c       0x40 xcp_transport.o
 .text.xcpTransportEmptyRxFifo
                0x0008295c       0x38 xcp_transport.o
 .text.xcpTransportTxReady
                0x00082994        0x4 xcp_transport.o
                0x00082994                xcpTransportTxReady
 .text.xcpTransportTxTrigger
                0x00082998        0x4 xcp_transport.o
                0x00082998                xcpTransportTxTrigger
 .text.xcpTransportTx
                0x0008299c       0x88 xcp_transport.o
                0x0008299c                xcpTransportTx
 .text.xcpTransportRx
                0x00082a24       0x54 xcp_transport.o
                0x00082a24                xcpTransportRx
 .text.xcpTransportPacketOffset
                0x00082a78        0xa xcp_transport.o
                0x00082a78                xcpTransportPacketOffset
 *fill*         0x00082a82        0x2 
 .text.xcpTransportTxPacketSet
                0x00082a84       0x8c xcp_transport.o
                0x00082a84                xcpTransportTxPacketSet
 .text.xcpTransportRxPacketGet
                0x00082b10       0x80 xcp_transport.o
                0x00082b10                xcpTransportRxPacketGet
 .text.xcpTransportMsgBufferSize
                0x00082b90       0x28 xcp_transport.o
                0x00082b90                xcpTransportMsgBufferSize
 .text.xcpTransportInit
                0x00082bb8       0x7c xcp_transport.o
                0x00082bb8                xcpTransportInit
 .text.xcpTransportMaxDtoSize
                0x00082c34        0x4 xcp_transport.o
                0x00082c34                xcpTransportMaxDtoSize
 .text.xcpTransportMaxCtoSize
                0x00082c38        0x4 xcp_transport.o
                0x00082c38                xcpTransportMaxCtoSize
 .text.xcpTransportRestart
                0x00082c3c       0x16 xcp_transport.o
                0x00082c3c                xcpTransportRestart
 .text.xcpTransportResynch
                0x00082c52       0x12 xcp_transport.o
                0x00082c52                xcpTransportResynch
 .text.xcpTransportCtoReservedMemPoolId
                0x00082c64        0xc xcp_transport.o
                0x00082c64                xcpTransportCtoReservedMemPoolId
 .text.xcpTransportReset
                0x00082c70       0x54 xcp_transport.o
                0x00082c70                xcpTransportReset
 .text.xcpInitializePoolMemoryArea
                0x00082cc4       0x30 xcp_mem_default.o
 .text.xcpMemInit
                0x00082cf4       0xa4 xcp_mem_default.o
                0x00082cf4                xcpMemInit
 .text.xcpMemAlloc
                0x00082d98       0x5c xcp_mem_default.o
                0x00082d98                xcpMemAlloc
 .text.xcpMemFree
                0x00082df4       0x80 xcp_mem_default.o
                0x00082df4                xcpMemFree
 .text.xcpMemReservedPoolCreate
                0x00082e74       0xf0 xcp_mem_default.o
                0x00082e74                xcpMemReservedPoolCreate
 .text.xcpMemReservedPoolDestroy
                0x00082f64       0x88 xcp_mem_default.o
                0x00082f64                xcpMemReservedPoolDestroy
 .text.xcpMemCustomPoolCreate
                0x00082fec       0x4c xcp_mem_default.o
                0x00082fec                xcpMemCustomPoolCreate
 .text.xcpMemCustomPoolDestroy
                0x00083038       0x2c xcp_mem_default.o
                0x00083038                xcpMemCustomPoolDestroy
 .text.xcpMemAllocFromPool
                0x00083064       0x70 xcp_mem_default.o
                0x00083064                xcpMemAllocFromPool
 .text.xcpMemReset
                0x000830d4       0x48 xcp_mem_default.o
                0x000830d4                xcpMemReset
 .text.xcpDrvOpen
                0x0008311c       0x24 xcp_drv_rtiostream.o
                0x0008311c                xcpDrvOpen
 .text.xcpDrvIoctl
                0x00083140       0x14 xcp_drv_rtiostream.o
                0x00083140                xcpDrvIoctl
 .text.xcpDrvSend
                0x00083154       0x9c xcp_drv_rtiostream.o
                0x00083154                xcpDrvSend
 .text.xcpDrvRecv
                0x000831f0       0x9c xcp_drv_rtiostream.o
                0x000831f0                xcpDrvRecv
 .text.xcpDrvClose
                0x0008328c       0x28 xcp_drv_rtiostream.o
                0x0008328c                xcpDrvClose
 .text.xcpSortArray
                0x000832b4       0x42 xcp_utils.o
                0x000832b4                xcpSortArray
 .text.xcpSxiChecksum
                0x000832f6       0x1a xcp_frame_serial.o
                0x000832f6                xcpSxiChecksum
 .text.xcpFrameInit
                0x00083310       0x38 xcp_frame_serial.o
                0x00083310                xcpFrameInit
 .text.xcpFrameMsgSend
                0x00083348       0x98 xcp_frame_serial.o
                0x00083348                xcpFrameMsgSend
 .text.xcpFrameMsgRecv
                0x000833e0       0xb4 xcp_frame_serial.o
                0x000833e0                xcpFrameMsgRecv
 .text.xcpFrameCreateMsg
                0x00083494       0x1c xcp_frame_serial.o
                0x00083494                xcpFrameCreateMsg
 .text.xcpFrameExtractPacket
                0x000834b0       0x80 xcp_frame_serial.o
                0x000834b0                xcpFrameExtractPacket
 .text.xcpFrameHeaderSize
                0x00083530        0x4 xcp_frame_serial.o
                0x00083530                xcpFrameHeaderSize
 .text.xcpFrameTailSize
                0x00083534        0x4 xcp_frame_serial.o
                0x00083534                xcpFrameTailSize
 .text.xcpFrameMaxDtoSize
                0x00083538        0x6 xcp_frame_serial.o
                0x00083538                xcpFrameMaxDtoSize
 .text.xcpFrameMaxCtoSize
                0x0008353e        0x4 xcp_frame_serial.o
                0x0008353e                xcpFrameMaxCtoSize
 *fill*         0x00083542        0x2 
 .text.xcpFrameRestart
                0x00083544       0x1c xcp_frame_serial.o
                0x00083544                xcpFrameRestart
 .text.xcpFrameSetCtoReservedMemPoolId
                0x00083560        0xc xcp_frame_serial.o
                0x00083560                xcpFrameSetCtoReservedMemPoolId
 .text.xcpFrameReset
                0x0008356c       0x30 xcp_frame_serial.o
                0x0008356c                xcpFrameReset
 .text.xcpTransportGetInitParameters
                0x0008359c        0xc xcp_ext_param_default_serial.o
                0x0008359c                xcpTransportGetInitParameters
 .text.xcpGetInitParameters
                0x000835a8        0xc xcp_ext_param_default_serial.o
                0x000835a8                xcpGetInitParameters
 .text.__halt   0x000835b4        0x2 arm_m3_cortex_handler.o
                0x000835b4                DACC_Handler
                0x000835b4                DebugMon_Handler
                0x000835b4                DMAC_Handler
                0x000835b4                TRNG_Handler
                0x000835b4                HardFault_Handler
                0x000835b4                TC2_Handler
                0x000835b4                NMI_Handler
                0x000835b4                TC7_Handler
                0x000835b4                ADC_Handler
                0x000835b4                SMC_Handler
                0x000835b4                RTT_Handler
                0x000835b4                EFC1_Handler
                0x000835b4                PIOB_Handler
                0x000835b4                RTC_Handler
                0x000835b4                UsageFault_Handler
                0x000835b4                TC6_Handler
                0x000835b4                WDT_Handler
                0x000835b4                CAN0_Handler
                0x000835b4                TC4_Handler
                0x000835b4                TC1_Handler
                0x000835b4                HSMCI_Handler
                0x000835b4                TC3_Handler
                0x000835b4                PIOA_Handler
                0x000835b4                SSC_Handler
                0x000835b4                EFC0_Handler
                0x000835b4                PMC_Handler
                0x000835b4                PWM_Handler
                0x000835b4                CAN1_Handler
                0x000835b4                MemManage_Handler
                0x000835b4                SUPC_Handler
                0x000835b4                USART2_Handler
                0x000835b4                PIOD_Handler
                0x000835b4                EMAC_Handler
                0x000835b4                PIOC_Handler
                0x000835b4                BusFault_Handler
                0x000835b4                RSTC_Handler
                0x000835b4                TC0_Handler
                0x000835b4                TC5_Handler
                0x000835b4                SPI0_Handler
 .text.SysTick_Handler
                0x000835b6       0x16 arm_m3_cortex_handler.o
                0x000835b6                SysTick_Handler
 .text.MW_Arduino_Init
                0x000835cc       0x18 MW_ArduinoHWInit.o
                0x000835cc                MW_Arduino_Init
 .text.MW_Arduino_Terminate
                0x000835e4        0x2 MW_ArduinoHWInit.o
                0x000835e4                MW_Arduino_Terminate
 *fill*         0x000835e6        0x2 
 .text.Serial_begin
                0x000835e8       0x58 io_wrappers.o
                0x000835e8                Serial_begin
 .text._ZL13Scheduler_Isrv
                0x00083640       0x14 arduinoARMScheduler.o
 .text.TC8_Handler
                0x00083654       0x20 arduinoARMScheduler.o
                0x00083654                TC8_Handler
 .text.Setup_SchedulerTimer
                0x00083674       0x84 arduinoARMScheduler.o
                0x00083674                Setup_SchedulerTimer
 .text.configureArduinoARMTimer
                0x000836f8       0x3c arduinoARMScheduler.o
                0x000836f8                configureArduinoARMTimer
 .text.disable_rt_OneStep
                0x00083734       0x14 arduinoARMScheduler.o
                0x00083734                disable_rt_OneStep
 .text.MW_Arduino_Loop
                0x00083748        0x4 arduinoARMScheduler.o
                0x00083748                MW_Arduino_Loop
 .text.PendSV_Handler
                0x0008374c       0x3c m3m4m4f_multitasking.o
                0x0008374c                PendSV_Handler
 .text.SVC_Handler
                0x00083788       0x4c m3m4m4f_multitasking.o
                0x00083788                SVC_Handler
 .text.rtIOStreamResync
                0x000837d4        0xc rtiostream_serial_daemon.o
                0x000837d4                rtIOStreamResync
 .text.rtIOStreamSend
                0x000837e0       0x1c rtiostream_serial_daemon.o
                0x000837e0                rtIOStreamSend
 .text.rtIOStreamClose
                0x000837fc        0xe rtiostream_serial_daemon.o
                0x000837fc                rtIOStreamClose
 *fill*         0x0008380a        0x2 
 .text.rtIOStreamOpen
                0x0008380c       0x28 rtiostream_serial_daemon.o
                0x0008380c                rtIOStreamOpen
 .text.rtIOStreamRecv
                0x00083834       0x5c rtiostream_serial_daemon.o
                0x00083834                rtIOStreamRecv
 .text.sys_arch_protect
                0x00083890        0x8 sys_arch.o
                0x00083890                sys_arch_protect
 .text.sys_arch_unprotect
                0x00083898        0x6 sys_arch.o
                0x00083898                sys_arch_unprotect
 *fill*         0x0008389e        0x2 
 .text.rt_OneStep
                0x000838a0       0x48 ert_main.o
                0x000838a0                rt_OneStep
 .text.startup.main
                0x000838e8       0xfc ert_main.o
                0x000838e8                main
 .text.__empty  0x000839e4        0x2 C:/Users/Rafael/DOCUME~1/MATLAB/R2023b/ARDUIN~1/ARDUIN~1/FASTER~1/libcore.a(hooks.o)
                0x000839e4                yield
 .text.__false  0x000839e6        0x4 C:/Users/Rafael/DOCUME~1/MATLAB/R2023b/ARDUIN~1/ARDUIN~1/FASTER~1/libcore.a(hooks.o)
                0x000839e6                sysTickHook
 *fill*         0x000839ea        0x2 
 .text._sbrk    0x000839ec       0x1c C:/Users/Rafael/DOCUME~1/MATLAB/R2023b/ARDUIN~1/ARDUIN~1/FASTER~1/libcore.a(syscalls_sam3.o)
                0x000839ec                _sbrk
 .text.link     0x00083a08        0x6 C:/Users/Rafael/DOCUME~1/MATLAB/R2023b/ARDUIN~1/ARDUIN~1/FASTER~1/libcore.a(syscalls_sam3.o)
                0x00083a08                link
 .text._close   0x00083a0e        0x6 C:/Users/Rafael/DOCUME~1/MATLAB/R2023b/ARDUIN~1/ARDUIN~1/FASTER~1/libcore.a(syscalls_sam3.o)
                0x00083a0e                _close
 .text._fstat   0x00083a14        0xa C:/Users/Rafael/DOCUME~1/MATLAB/R2023b/ARDUIN~1/ARDUIN~1/FASTER~1/libcore.a(syscalls_sam3.o)
                0x00083a14                _fstat
 .text._isatty  0x00083a1e        0x4 C:/Users/Rafael/DOCUME~1/MATLAB/R2023b/ARDUIN~1/ARDUIN~1/FASTER~1/libcore.a(syscalls_sam3.o)
                0x00083a1e                _isatty
 .text._lseek   0x00083a22        0x4 C:/Users/Rafael/DOCUME~1/MATLAB/R2023b/ARDUIN~1/ARDUIN~1/FASTER~1/libcore.a(syscalls_sam3.o)
                0x00083a22                _lseek
 .text._read    0x00083a26        0x4 C:/Users/Rafael/DOCUME~1/MATLAB/R2023b/ARDUIN~1/ARDUIN~1/FASTER~1/libcore.a(syscalls_sam3.o)
                0x00083a26                _read
 *fill*         0x00083a2a        0x2 
 .text._write   0x00083a2c       0x24 C:/Users/Rafael/DOCUME~1/MATLAB/R2023b/ARDUIN~1/ARDUIN~1/FASTER~1/libcore.a(syscalls_sam3.o)
                0x00083a2c                _write
 .text._exit    0x00083a50        0x2 C:/Users/Rafael/DOCUME~1/MATLAB/R2023b/ARDUIN~1/ARDUIN~1/FASTER~1/libcore.a(syscalls_sam3.o)
                0x00083a50                _exit
 .text._kill    0x00083a52        0x2 C:/Users/Rafael/DOCUME~1/MATLAB/R2023b/ARDUIN~1/ARDUIN~1/FASTER~1/libcore.a(syscalls_sam3.o)
                0x00083a52                _kill
 .text._getpid  0x00083a54        0x6 C:/Users/Rafael/DOCUME~1/MATLAB/R2023b/ARDUIN~1/ARDUIN~1/FASTER~1/libcore.a(syscalls_sam3.o)
                0x00083a54                _getpid
 .text.delay    0x00083a5a       0x1c C:/Users/Rafael/DOCUME~1/MATLAB/R2023b/ARDUIN~1/ARDUIN~1/FASTER~1/libcore.a(wiring.o)
                0x00083a5a                delay
 *fill*         0x00083a76        0x2 
 .text.pinMode  0x00083a78      0x108 C:/Users/Rafael/DOCUME~1/MATLAB/R2023b/ARDUIN~1/ARDUIN~1/FASTER~1/libcore.a(wiring_digital.o)
                0x00083a78                pinMode
 .text.digitalWrite
                0x00083b80       0x70 C:/Users/Rafael/DOCUME~1/MATLAB/R2023b/ARDUIN~1/ARDUIN~1/FASTER~1/libcore.a(wiring_digital.o)
                0x00083b80                digitalWrite
 .text._ZN5Print5writeEPKhj
                0x00083bf0       0x22 C:/Users/Rafael/DOCUME~1/MATLAB/R2023b/ARDUIN~1/ARDUIN~1/FASTER~1/libcore.a(Print.o)
                0x00083bf0                Print::write(unsigned char const*, unsigned int)
 *fill*         0x00083c12        0x2 
 .text.tickReset
                0x00083c14       0x20 C:/Users/Rafael/DOCUME~1/MATLAB/R2023b/ARDUIN~1/ARDUIN~1/FASTER~1/libcore.a(Reset.o)
                0x00083c14                tickReset
 .text._ZN9UARTClasscvbEv
                0x00083c34        0x4 C:/Users/Rafael/DOCUME~1/MATLAB/R2023b/ARDUIN~1/ARDUIN~1/FASTER~1/libcore.a(UARTClass.o)
                0x00083c34                UARTClass::operator bool()
 .text._ZN9UARTClass9availableEv
                0x00083c38       0x12 C:/Users/Rafael/DOCUME~1/MATLAB/R2023b/ARDUIN~1/ARDUIN~1/FASTER~1/libcore.a(UARTClass.o)
                0x00083c38                UARTClass::available()
 .text._ZN9UARTClass4peekEv
                0x00083c4a       0x1c C:/Users/Rafael/DOCUME~1/MATLAB/R2023b/ARDUIN~1/ARDUIN~1/FASTER~1/libcore.a(UARTClass.o)
                0x00083c4a                UARTClass::peek()
 .text._ZN9UARTClass4readEv
                0x00083c66       0x2a C:/Users/Rafael/DOCUME~1/MATLAB/R2023b/ARDUIN~1/ARDUIN~1/FASTER~1/libcore.a(UARTClass.o)
                0x00083c66                UARTClass::read()
 .text._ZN9UARTClass5flushEv
                0x00083c90       0x18 C:/Users/Rafael/DOCUME~1/MATLAB/R2023b/ARDUIN~1/ARDUIN~1/FASTER~1/libcore.a(UARTClass.o)
                0x00083c90                UARTClass::flush()
 .text._ZN9UARTClass5writeEh
                0x00083ca8       0x58 C:/Users/Rafael/DOCUME~1/MATLAB/R2023b/ARDUIN~1/ARDUIN~1/FASTER~1/libcore.a(UARTClass.o)
                0x00083ca8                UARTClass::write(unsigned char)
 .text._ZN9UARTClass3endEv
                0x00083d00       0x3c C:/Users/Rafael/DOCUME~1/MATLAB/R2023b/ARDUIN~1/ARDUIN~1/FASTER~1/libcore.a(UARTClass.o)
                0x00083d00                UARTClass::end()
 .text._ZN9UARTClassC2EP4Uart4IRQnmP10RingBufferS4_
                0x00083d3c       0x24 C:/Users/Rafael/DOCUME~1/MATLAB/R2023b/ARDUIN~1/ARDUIN~1/FASTER~1/libcore.a(UARTClass.o)
                0x00083d3c                UARTClass::UARTClass(Uart*, IRQn, unsigned long, RingBuffer*, RingBuffer*)
                0x00083d3c                UARTClass::UARTClass(Uart*, IRQn, unsigned long, RingBuffer*, RingBuffer*)
 .text._ZN9UARTClass4initEmm
                0x00083d60       0x70 C:/Users/Rafael/DOCUME~1/MATLAB/R2023b/ARDUIN~1/ARDUIN~1/FASTER~1/libcore.a(UARTClass.o)
                0x00083d60                UARTClass::init(unsigned long, unsigned long)
 .text._ZN9UARTClass5beginEmNS_9UARTModesE
                0x00083dd0        0x8 C:/Users/Rafael/DOCUME~1/MATLAB/R2023b/ARDUIN~1/ARDUIN~1/FASTER~1/libcore.a(UARTClass.o)
                0x00083dd0                UARTClass::begin(unsigned long, UARTClass::UARTModes)
 .text._ZN9UARTClass5beginEm
                0x00083dd8        0x8 C:/Users/Rafael/DOCUME~1/MATLAB/R2023b/ARDUIN~1/ARDUIN~1/FASTER~1/libcore.a(UARTClass.o)
                0x00083dd8                UARTClass::begin(unsigned long)
 .text._ZN9UARTClass10IrqHandlerEv
                0x00083de0       0x5a C:/Users/Rafael/DOCUME~1/MATLAB/R2023b/ARDUIN~1/ARDUIN~1/FASTER~1/libcore.a(UARTClass.o)
                0x00083de0                UARTClass::IrqHandler()
 .text._ZN10USARTClass5beginEm
                0x00083e3a        0x8 C:/Users/Rafael/DOCUME~1/MATLAB/R2023b/ARDUIN~1/ARDUIN~1/FASTER~1/libcore.a(USARTClass.o)
                0x00083e3a                USARTClass::begin(unsigned long)
 *fill*         0x00083e42        0x2 
 .text._ZN10USARTClassC2EP5Usart4IRQnmP10RingBufferS4_
                0x00083e44       0x24 C:/Users/Rafael/DOCUME~1/MATLAB/R2023b/ARDUIN~1/ARDUIN~1/FASTER~1/libcore.a(USARTClass.o)
                0x00083e44                USARTClass::USARTClass(Usart*, IRQn, unsigned long, RingBuffer*, RingBuffer*)
                0x00083e44                USARTClass::USARTClass(Usart*, IRQn, unsigned long, RingBuffer*, RingBuffer*)
 .text._ZN10USARTClass5beginEmN9UARTClass9UARTModesE
                0x00083e68        0x4 C:/Users/Rafael/DOCUME~1/MATLAB/R2023b/ARDUIN~1/ARDUIN~1/FASTER~1/libcore.a(USARTClass.o)
                0x00083e68                USARTClass::begin(unsigned long, UARTClass::UARTModes)
 .text._Z15watchdogDisablev
                0x00083e6c        0xc C:/Users/Rafael/DOCUME~1/MATLAB/R2023b/ARDUIN~1/ARDUIN~1/FASTER~1/libcore.a(watchdog.o)
                0x00083e6c                watchdogDisable()
 .text.UART_Handler
                0x00083e78        0xc C:/Users/Rafael/DOCUME~1/MATLAB/R2023b/ARDUIN~1/ARDUIN~1/FASTER~1/libcore.a(variant.o)
                0x00083e78                UART_Handler
 .text.USART0_Handler
                0x00083e84        0xc C:/Users/Rafael/DOCUME~1/MATLAB/R2023b/ARDUIN~1/ARDUIN~1/FASTER~1/libcore.a(variant.o)
                0x00083e84                USART0_Handler
 .text.USART1_Handler
                0x00083e90        0xc C:/Users/Rafael/DOCUME~1/MATLAB/R2023b/ARDUIN~1/ARDUIN~1/FASTER~1/libcore.a(variant.o)
                0x00083e90                USART1_Handler
 .text.USART3_Handler
                0x00083e9c        0xc C:/Users/Rafael/DOCUME~1/MATLAB/R2023b/ARDUIN~1/ARDUIN~1/FASTER~1/libcore.a(variant.o)
                0x00083e9c                USART3_Handler
 .text.init     0x00083ea8      0x128 C:/Users/Rafael/DOCUME~1/MATLAB/R2023b/ARDUIN~1/ARDUIN~1/FASTER~1/libcore.a(variant.o)
                0x00083ea8                init
 .text.startup._GLOBAL__sub_I_g_APinDescription
                0x00083fd0       0xd4 C:/Users/Rafael/DOCUME~1/MATLAB/R2023b/ARDUIN~1/ARDUIN~1/FASTER~1/libcore.a(variant.o)
 .text.analogOutputInit
                0x000840a4        0x2 C:/Users/Rafael/DOCUME~1/MATLAB/R2023b/ARDUIN~1/ARDUIN~1/FASTER~1/libcore.a(wiring_analog.o)
                0x000840a4                analogOutputInit
 .text._ZN10RingBufferC2Ev
                0x000840a6       0x1c C:/Users/Rafael/DOCUME~1/MATLAB/R2023b/ARDUIN~1/ARDUIN~1/FASTER~1/libcore.a(RingBuffer.o)
                0x000840a6                RingBuffer::RingBuffer()
                0x000840a6                RingBuffer::RingBuffer()
 .text._ZN10RingBuffer10store_charEh
                0x000840c2       0x1e C:/Users/Rafael/DOCUME~1/MATLAB/R2023b/ARDUIN~1/ARDUIN~1/FASTER~1/libcore.a(RingBuffer.o)
                0x000840c2                RingBuffer::store_char(unsigned char)
 .text.PIO_PullUp
                0x000840e0        0xa C:/ProgramData/MATLAB/SupportPackages/R2023b/aIDE/portable/packages/arduino/hardware/sam/1.6.12/variants/arduino_due_x/libsam_sam3x8e_gcc_rel.a(pio.o)
                0x000840e0                PIO_PullUp
 .text.PIO_SetPeripheral
                0x000840ea       0x26 C:/ProgramData/MATLAB/SupportPackages/R2023b/aIDE/portable/packages/arduino/hardware/sam/1.6.12/variants/arduino_due_x/libsam_sam3x8e_gcc_rel.a(pio.o)
                0x000840ea                PIO_SetPeripheral
 .text.PIO_SetInput
                0x00084110       0x26 C:/ProgramData/MATLAB/SupportPackages/R2023b/aIDE/portable/packages/arduino/hardware/sam/1.6.12/variants/arduino_due_x/libsam_sam3x8e_gcc_rel.a(pio.o)
                0x00084110                PIO_SetInput
 .text.PIO_SetOutput
                0x00084136       0x24 C:/ProgramData/MATLAB/SupportPackages/R2023b/aIDE/portable/packages/arduino/hardware/sam/1.6.12/variants/arduino_due_x/libsam_sam3x8e_gcc_rel.a(pio.o)
                0x00084136                PIO_SetOutput
 *fill*         0x0008415a        0x2 
 .text.PIO_Configure
                0x0008415c       0x64 C:/ProgramData/MATLAB/SupportPackages/R2023b/aIDE/portable/packages/arduino/hardware/sam/1.6.12/variants/arduino_due_x/libsam_sam3x8e_gcc_rel.a(pio.o)
                0x0008415c                PIO_Configure
 .text.PIO_GetOutputDataStatus
                0x000841c0       0x14 C:/ProgramData/MATLAB/SupportPackages/R2023b/aIDE/portable/packages/arduino/hardware/sam/1.6.12/variants/arduino_due_x/libsam_sam3x8e_gcc_rel.a(pio.o)
                0x000841c0                PIO_GetOutputDataStatus
 .text.pmc_enable_periph_clk
                0x000841d4       0x44 C:/ProgramData/MATLAB/SupportPackages/R2023b/aIDE/portable/packages/arduino/hardware/sam/1.6.12/variants/arduino_due_x/libsam_sam3x8e_gcc_rel.a(pmc.o)
                0x000841d4                pmc_enable_periph_clk
 .text.pmc_disable_periph_clk
                0x00084218       0x40 C:/ProgramData/MATLAB/SupportPackages/R2023b/aIDE/portable/packages/arduino/hardware/sam/1.6.12/variants/arduino_due_x/libsam_sam3x8e_gcc_rel.a(pmc.o)
                0x00084218                pmc_disable_periph_clk
 .text.pmc_set_writeprotect
                0x00084258       0x1c C:/ProgramData/MATLAB/SupportPackages/R2023b/aIDE/portable/packages/arduino/hardware/sam/1.6.12/variants/arduino_due_x/libsam_sam3x8e_gcc_rel.a(pmc.o)
                0x00084258                pmc_set_writeprotect
 .text.TC_Configure
                0x00084274       0x38 C:/ProgramData/MATLAB/SupportPackages/R2023b/aIDE/portable/packages/arduino/hardware/sam/1.6.12/variants/arduino_due_x/libsam_sam3x8e_gcc_rel.a(tc.o)
                0x00084274                TC_Configure
 .text.TC_Start
                0x000842ac       0x2c C:/ProgramData/MATLAB/SupportPackages/R2023b/aIDE/portable/packages/arduino/hardware/sam/1.6.12/variants/arduino_due_x/libsam_sam3x8e_gcc_rel.a(tc.o)
                0x000842ac                TC_Start
 .text.TC_GetStatus
                0x000842d8        0x8 C:/ProgramData/MATLAB/SupportPackages/R2023b/aIDE/portable/packages/arduino/hardware/sam/1.6.12/variants/arduino_due_x/libsam_sam3x8e_gcc_rel.a(tc.o)
                0x000842d8                TC_GetStatus
 .text.TC_SetRC
                0x000842e0        0x8 C:/ProgramData/MATLAB/SupportPackages/R2023b/aIDE/portable/packages/arduino/hardware/sam/1.6.12/variants/arduino_due_x/libsam_sam3x8e_gcc_rel.a(tc.o)
                0x000842e0                TC_SetRC
 .text.TimeTick_Increment
                0x000842e8       0x10 C:/ProgramData/MATLAB/SupportPackages/R2023b/aIDE/portable/packages/arduino/hardware/sam/1.6.12/variants/arduino_due_x/libsam_sam3x8e_gcc_rel.a(timetick.o)
                0x000842e8                TimeTick_Increment
 .text.GetTickCount
                0x000842f8        0xc C:/ProgramData/MATLAB/SupportPackages/R2023b/aIDE/portable/packages/arduino/hardware/sam/1.6.12/variants/arduino_due_x/libsam_sam3x8e_gcc_rel.a(timetick.o)
                0x000842f8                GetTickCount
 .text.TWI_SetClock
                0x00084304       0x58 C:/ProgramData/MATLAB/SupportPackages/R2023b/aIDE/portable/packages/arduino/hardware/sam/1.6.12/variants/arduino_due_x/libsam_sam3x8e_gcc_rel.a(twi.o)
                0x00084304                TWI_SetClock
 .text.TWI_Disable
                0x0008435c       0x2c C:/ProgramData/MATLAB/SupportPackages/R2023b/aIDE/portable/packages/arduino/hardware/sam/1.6.12/variants/arduino_due_x/libsam_sam3x8e_gcc_rel.a(twi.o)
                0x0008435c                TWI_Disable
 .text.TWI_ConfigureMaster
                0x00084388       0x48 C:/ProgramData/MATLAB/SupportPackages/R2023b/aIDE/portable/packages/arduino/hardware/sam/1.6.12/variants/arduino_due_x/libsam_sam3x8e_gcc_rel.a(twi.o)
                0x00084388                TWI_ConfigureMaster
 .text.TWI_Stop
                0x000843d0       0x28 C:/ProgramData/MATLAB/SupportPackages/R2023b/aIDE/portable/packages/arduino/hardware/sam/1.6.12/variants/arduino_due_x/libsam_sam3x8e_gcc_rel.a(twi.o)
                0x000843d0                TWI_Stop
 .text.TWI_StartRead
                0x000843f8       0x70 C:/ProgramData/MATLAB/SupportPackages/R2023b/aIDE/portable/packages/arduino/hardware/sam/1.6.12/variants/arduino_due_x/libsam_sam3x8e_gcc_rel.a(twi.o)
                0x000843f8                TWI_StartRead
 .text.TWI_ReadByte
                0x00084468       0x28 C:/ProgramData/MATLAB/SupportPackages/R2023b/aIDE/portable/packages/arduino/hardware/sam/1.6.12/variants/arduino_due_x/libsam_sam3x8e_gcc_rel.a(twi.o)
                0x00084468                TWI_ReadByte
 .text.TWI_WriteByte
                0x00084490       0x24 C:/ProgramData/MATLAB/SupportPackages/R2023b/aIDE/portable/packages/arduino/hardware/sam/1.6.12/variants/arduino_due_x/libsam_sam3x8e_gcc_rel.a(twi.o)
                0x00084490                TWI_WriteByte
 .text.TWI_StartWrite
                0x000844b4       0x7c C:/ProgramData/MATLAB/SupportPackages/R2023b/aIDE/portable/packages/arduino/hardware/sam/1.6.12/variants/arduino_due_x/libsam_sam3x8e_gcc_rel.a(twi.o)
                0x000844b4                TWI_StartWrite
 .text.TWI_EnableIt
                0x00084530       0x40 C:/ProgramData/MATLAB/SupportPackages/R2023b/aIDE/portable/packages/arduino/hardware/sam/1.6.12/variants/arduino_due_x/libsam_sam3x8e_gcc_rel.a(twi.o)
                0x00084530                TWI_EnableIt
 .text.TWI_DisableIt
                0x00084570       0x40 C:/ProgramData/MATLAB/SupportPackages/R2023b/aIDE/portable/packages/arduino/hardware/sam/1.6.12/variants/arduino_due_x/libsam_sam3x8e_gcc_rel.a(twi.o)
                0x00084570                TWI_DisableIt
 .text.TWI_GetStatus
                0x000845b0       0x28 C:/ProgramData/MATLAB/SupportPackages/R2023b/aIDE/portable/packages/arduino/hardware/sam/1.6.12/variants/arduino_due_x/libsam_sam3x8e_gcc_rel.a(twi.o)
                0x000845b0                TWI_GetStatus
 .text.TWI_SendSTOPCondition
                0x000845d8       0x2c C:/ProgramData/MATLAB/SupportPackages/R2023b/aIDE/portable/packages/arduino/hardware/sam/1.6.12/variants/arduino_due_x/libsam_sam3x8e_gcc_rel.a(twi.o)
                0x000845d8                TWI_SendSTOPCondition
 .text.WDT_Disable
                0x00084604        0x8 C:/ProgramData/MATLAB/SupportPackages/R2023b/aIDE/portable/packages/arduino/hardware/sam/1.6.12/variants/arduino_due_x/libsam_sam3x8e_gcc_rel.a(wdt.o)
                0x00084604                WDT_Disable
 .text.SystemInit
                0x0008460c       0x88 C:/ProgramData/MATLAB/SupportPackages/R2023b/aIDE/portable/packages/arduino/hardware/sam/1.6.12/variants/arduino_due_x/libsam_sam3x8e_gcc_rel.a(system_sam3xa.o)
                0x0008460c                SystemInit
 .text.adc_init
                0x00084694       0x98 C:/ProgramData/MATLAB/SupportPackages/R2023b/aIDE/portable/packages/arduino/hardware/sam/1.6.12/variants/arduino_due_x/libsam_sam3x8e_gcc_rel.a(adc.o)
                0x00084694                adc_init
 .text.adc_configure_trigger
                0x0008472c        0xe C:/ProgramData/MATLAB/SupportPackages/R2023b/aIDE/portable/packages/arduino/hardware/sam/1.6.12/variants/arduino_due_x/libsam_sam3x8e_gcc_rel.a(adc.o)
                0x0008472c                adc_configure_trigger
 .text.adc_configure_timing
                0x0008473a       0x1a C:/ProgramData/MATLAB/SupportPackages/R2023b/aIDE/portable/packages/arduino/hardware/sam/1.6.12/variants/arduino_due_x/libsam_sam3x8e_gcc_rel.a(adc.o)
                0x0008473a                adc_configure_timing
 .text.adc_disable_channel
                0x00084754        0xa C:/ProgramData/MATLAB/SupportPackages/R2023b/aIDE/portable/packages/arduino/hardware/sam/1.6.12/variants/arduino_due_x/libsam_sam3x8e_gcc_rel.a(adc.o)
                0x00084754                adc_disable_channel
 .text.adc_disable_all_channel
                0x0008475e        0x8 C:/ProgramData/MATLAB/SupportPackages/R2023b/aIDE/portable/packages/arduino/hardware/sam/1.6.12/variants/arduino_due_x/libsam_sam3x8e_gcc_rel.a(adc.o)
                0x0008475e                adc_disable_all_channel
 .text.adc_disable_interrupt
                0x00084766        0x4 C:/ProgramData/MATLAB/SupportPackages/R2023b/aIDE/portable/packages/arduino/hardware/sam/1.6.12/variants/arduino_due_x/libsam_sam3x8e_gcc_rel.a(adc.o)
                0x00084766                adc_disable_interrupt
 *fill*         0x0008476a        0x2 
 .text.__fpclassifyd
                0x0008476c       0x50 c:/programdata/matlab/supportpackages/r2023b/aide/portable/packages/arduino/tools/arm-none-eabi-gcc/4.8.3-2014q1/bin/../lib/gcc/arm-none-eabi/4.8.3/../../../../arm-none-eabi/lib/armv7-m\libm.a(lib_a-s_fpclassify.o)
                0x0008476c                __fpclassifyd
 .text.fmod     0x000847bc       0xb4 c:/programdata/matlab/supportpackages/r2023b/aide/portable/packages/arduino/tools/arm-none-eabi-gcc/4.8.3-2014q1/bin/../lib/gcc/arm-none-eabi/4.8.3/../../../../arm-none-eabi/lib/armv7-m\libm.a(lib_a-w_fmod.o)
                0x000847bc                fmod
 .text.__ieee754_fmod
                0x00084870      0x278 c:/programdata/matlab/supportpackages/r2023b/aide/portable/packages/arduino/tools/arm-none-eabi-gcc/4.8.3-2014q1/bin/../lib/gcc/arm-none-eabi/4.8.3/../../../../arm-none-eabi/lib/armv7-m\libm.a(lib_a-e_fmod.o)
                0x00084870                __ieee754_fmod
 .text.matherr  0x00084ae8        0x4 c:/programdata/matlab/supportpackages/r2023b/aide/portable/packages/arduino/tools/arm-none-eabi-gcc/4.8.3-2014q1/bin/../lib/gcc/arm-none-eabi/4.8.3/../../../../arm-none-eabi/lib/armv7-m\libm.a(lib_a-s_matherr.o)
                0x00084ae8                matherr
 .text          0x00084aec      0x370 c:/programdata/matlab/supportpackages/r2023b/aide/portable/packages/arduino/tools/arm-none-eabi-gcc/4.8.3-2014q1/bin/../lib/gcc/arm-none-eabi/4.8.3/armv7-m\libgcc.a(_arm_addsubdf3.o)
                0x00084aec                __aeabi_drsub
                0x00084af4                __aeabi_dsub
                0x00084af4                __subdf3
                0x00084af8                __aeabi_dadd
                0x00084af8                __adddf3
                0x00084d70                __floatunsidf
                0x00084d70                __aeabi_ui2d
                0x00084d90                __floatsidf
                0x00084d90                __aeabi_i2d
                0x00084db4                __aeabi_f2d
                0x00084db4                __extendsfdf2
                0x00084df0                __floatundidf
                0x00084df0                __aeabi_ul2d
                0x00084e00                __floatdidf
                0x00084e00                __aeabi_l2d
 .text          0x00084e5c      0x424 c:/programdata/matlab/supportpackages/r2023b/aide/portable/packages/arduino/tools/arm-none-eabi-gcc/4.8.3-2014q1/bin/../lib/gcc/arm-none-eabi/4.8.3/armv7-m\libgcc.a(_arm_muldivdf3.o)
                0x00084e5c                __aeabi_dmul
                0x00084e5c                __muldf3
                0x000850b0                __divdf3
                0x000850b0                __aeabi_ddiv
 .text          0x00085280      0x110 c:/programdata/matlab/supportpackages/r2023b/aide/portable/packages/arduino/tools/arm-none-eabi-gcc/4.8.3-2014q1/bin/../lib/gcc/arm-none-eabi/4.8.3/armv7-m\libgcc.a(_arm_cmpdf2.o)
                0x00085280                __gtdf2
                0x00085280                __gedf2
                0x00085288                __ltdf2
                0x00085288                __ledf2
                0x00085290                __nedf2
                0x00085290                __eqdf2
                0x00085290                __cmpdf2
                0x0008530c                __aeabi_cdrcmple
                0x0008531c                __aeabi_cdcmpeq
                0x0008531c                __aeabi_cdcmple
                0x0008532c                __aeabi_dcmpeq
                0x00085340                __aeabi_dcmplt
                0x00085354                __aeabi_dcmple
                0x00085368                __aeabi_dcmpge
                0x0008537c                __aeabi_dcmpgt
 .text          0x00085390       0x40 c:/programdata/matlab/supportpackages/r2023b/aide/portable/packages/arduino/tools/arm-none-eabi-gcc/4.8.3-2014q1/bin/../lib/gcc/arm-none-eabi/4.8.3/armv7-m\libgcc.a(_arm_fixunsdfsi.o)
                0x00085390                __aeabi_d2uiz
                0x00085390                __fixunsdfsi
 .text.__assert_func
                0x000853d0       0x3c c:/programdata/matlab/supportpackages/r2023b/aide/portable/packages/arduino/tools/arm-none-eabi-gcc/4.8.3-2014q1/bin/../lib/gcc/arm-none-eabi/4.8.3/../../../../arm-none-eabi/lib/armv7-m\libg.a(lib_a-assert.o)
                0x000853d0                __assert_func
 .text.__errno  0x0008540c        0xc c:/programdata/matlab/supportpackages/r2023b/aide/portable/packages/arduino/tools/arm-none-eabi-gcc/4.8.3-2014q1/bin/../lib/gcc/arm-none-eabi/4.8.3/../../../../arm-none-eabi/lib/armv7-m\libg.a(lib_a-errno.o)
                0x0008540c                __errno
 .text.fiprintf
                0x00085418       0x28 c:/programdata/matlab/supportpackages/r2023b/aide/portable/packages/arduino/tools/arm-none-eabi-gcc/4.8.3-2014q1/bin/../lib/gcc/arm-none-eabi/4.8.3/../../../../arm-none-eabi/lib/armv7-m\libg.a(lib_a-fiprintf.o)
                0x00085418                fiprintf
 .text.__libc_init_array
                0x00085440       0x50 c:/programdata/matlab/supportpackages/r2023b/aide/portable/packages/arduino/tools/arm-none-eabi-gcc/4.8.3-2014q1/bin/../lib/gcc/arm-none-eabi/4.8.3/../../../../arm-none-eabi/lib/armv7-m\libg.a(lib_a-init.o)
                0x00085440                __libc_init_array
 .text          0x00085490       0xec c:/programdata/matlab/supportpackages/r2023b/aide/portable/packages/arduino/tools/arm-none-eabi-gcc/4.8.3-2014q1/bin/../lib/gcc/arm-none-eabi/4.8.3/../../../../arm-none-eabi/lib/armv7-m\libg.a(lib_a-memcpy.o)
                0x00085490                memcpy
 .text.memset   0x0008557c       0x94 c:/programdata/matlab/supportpackages/r2023b/aide/portable/packages/arduino/tools/arm-none-eabi-gcc/4.8.3-2014q1/bin/../lib/gcc/arm-none-eabi/4.8.3/../../../../arm-none-eabi/lib/armv7-m\libg.a(lib_a-memset.o)
                0x0008557c                memset
 .text.strlen   0x00085610       0x60 c:/programdata/matlab/supportpackages/r2023b/aide/portable/packages/arduino/tools/arm-none-eabi-gcc/4.8.3-2014q1/bin/../lib/gcc/arm-none-eabi/4.8.3/../../../../arm-none-eabi/lib/armv7-m\libg.a(lib_a-strlen.o)
                0x00085610                strlen
 .text.kill     0x00085670       0x10 c:/programdata/matlab/supportpackages/r2023b/aide/portable/packages/arduino/tools/arm-none-eabi-gcc/4.8.3-2014q1/bin/../lib/gcc/arm-none-eabi/4.8.3/../../../../arm-none-eabi/lib/armv7-m\libg.a(lib_a-syskill.o)
                0x00085670                kill
 .text.__sprint_r.part.0
                0x00085680       0x78 c:/programdata/matlab/supportpackages/r2023b/aide/portable/packages/arduino/tools/arm-none-eabi-gcc/4.8.3-2014q1/bin/../lib/gcc/arm-none-eabi/4.8.3/../../../../arm-none-eabi/lib/armv7-m\libg.a(lib_a-vfiprintf.o)
 .text._vfiprintf_r
                0x000856f8      0xc54 c:/programdata/matlab/supportpackages/r2023b/aide/portable/packages/arduino/tools/arm-none-eabi-gcc/4.8.3-2014q1/bin/../lib/gcc/arm-none-eabi/4.8.3/../../../../arm-none-eabi/lib/armv7-m\libg.a(lib_a-vfiprintf.o)
                0x000856f8                _vfiprintf_r
 .text.__sbprintf
                0x0008634c       0x7c c:/programdata/matlab/supportpackages/r2023b/aide/portable/packages/arduino/tools/arm-none-eabi-gcc/4.8.3-2014q1/bin/../lib/gcc/arm-none-eabi/4.8.3/../../../../arm-none-eabi/lib/armv7-m\libg.a(lib_a-vfiprintf.o)
 .text.__swsetup_r
                0x000863c8       0xc4 c:/programdata/matlab/supportpackages/r2023b/aide/portable/packages/arduino/tools/arm-none-eabi-gcc/4.8.3-2014q1/bin/../lib/gcc/arm-none-eabi/4.8.3/../../../../arm-none-eabi/lib/armv7-m\libg.a(lib_a-wsetup.o)
                0x000863c8                __swsetup_r
 .text.startup.register_fini
                0x0008648c       0x14 c:/programdata/matlab/supportpackages/r2023b/aide/portable/packages/arduino/tools/arm-none-eabi-gcc/4.8.3-2014q1/bin/../lib/gcc/arm-none-eabi/4.8.3/../../../../arm-none-eabi/lib/armv7-m\libg.a(lib_a-__call_atexit.o)
 .text.abort    0x000864a0       0x10 c:/programdata/matlab/supportpackages/r2023b/aide/portable/packages/arduino/tools/arm-none-eabi-gcc/4.8.3-2014q1/bin/../lib/gcc/arm-none-eabi/4.8.3/../../../../arm-none-eabi/lib/armv7-m\libg.a(lib_a-abort.o)
                0x000864a0                abort
 .text.atexit   0x000864b0        0xc c:/programdata/matlab/supportpackages/r2023b/aide/portable/packages/arduino/tools/arm-none-eabi-gcc/4.8.3-2014q1/bin/../lib/gcc/arm-none-eabi/4.8.3/../../../../arm-none-eabi/lib/armv7-m\libg.a(lib_a-atexit.o)
                0x000864b0                atexit
 .text.__sflush_r
                0x000864bc      0x148 c:/programdata/matlab/supportpackages/r2023b/aide/portable/packages/arduino/tools/arm-none-eabi-gcc/4.8.3-2014q1/bin/../lib/gcc/arm-none-eabi/4.8.3/../../../../arm-none-eabi/lib/armv7-m\libg.a(lib_a-fflush.o)
                0x000864bc                __sflush_r
 .text._fflush_r
                0x00086604       0x2c c:/programdata/matlab/supportpackages/r2023b/aide/portable/packages/arduino/tools/arm-none-eabi-gcc/4.8.3-2014q1/bin/../lib/gcc/arm-none-eabi/4.8.3/../../../../arm-none-eabi/lib/armv7-m\libg.a(lib_a-fflush.o)
                0x00086604                _fflush_r
 .text._cleanup_r
                0x00086630        0xc c:/programdata/matlab/supportpackages/r2023b/aide/portable/packages/arduino/tools/arm-none-eabi-gcc/4.8.3-2014q1/bin/../lib/gcc/arm-none-eabi/4.8.3/../../../../arm-none-eabi/lib/armv7-m\libg.a(lib_a-findfp.o)
                0x00086630                _cleanup_r
 .text.__sinit  0x0008663c       0xf4 c:/programdata/matlab/supportpackages/r2023b/aide/portable/packages/arduino/tools/arm-none-eabi-gcc/4.8.3-2014q1/bin/../lib/gcc/arm-none-eabi/4.8.3/../../../../arm-none-eabi/lib/armv7-m\libg.a(lib_a-findfp.o)
                0x0008663c                __sinit
 .text.__sfp_lock_acquire
                0x00086730        0x4 c:/programdata/matlab/supportpackages/r2023b/aide/portable/packages/arduino/tools/arm-none-eabi-gcc/4.8.3-2014q1/bin/../lib/gcc/arm-none-eabi/4.8.3/../../../../arm-none-eabi/lib/armv7-m\libg.a(lib_a-findfp.o)
                0x00086730                __sfp_lock_acquire
 .text.__sfp_lock_release
                0x00086734        0x4 c:/programdata/matlab/supportpackages/r2023b/aide/portable/packages/arduino/tools/arm-none-eabi-gcc/4.8.3-2014q1/bin/../lib/gcc/arm-none-eabi/4.8.3/../../../../arm-none-eabi/lib/armv7-m\libg.a(lib_a-findfp.o)
                0x00086734                __sfp_lock_release
 .text.__libc_fini_array
                0x00086738       0x30 c:/programdata/matlab/supportpackages/r2023b/aide/portable/packages/arduino/tools/arm-none-eabi-gcc/4.8.3-2014q1/bin/../lib/gcc/arm-none-eabi/4.8.3/../../../../arm-none-eabi/lib/armv7-m\libg.a(lib_a-fini.o)
                0x00086738                __libc_fini_array
 .text._fputwc_r
                0x00086768       0xc0 c:/programdata/matlab/supportpackages/r2023b/aide/portable/packages/arduino/tools/arm-none-eabi-gcc/4.8.3-2014q1/bin/../lib/gcc/arm-none-eabi/4.8.3/../../../../arm-none-eabi/lib/armv7-m\libg.a(lib_a-fputwc.o)
                0x00086768                _fputwc_r
 .text._malloc_trim_r
                0x00086828       0x9c c:/programdata/matlab/supportpackages/r2023b/aide/portable/packages/arduino/tools/arm-none-eabi-gcc/4.8.3-2014q1/bin/../lib/gcc/arm-none-eabi/4.8.3/../../../../arm-none-eabi/lib/armv7-m\libg.a(lib_a-freer.o)
                0x00086828                _malloc_trim_r
 .text._free_r  0x000868c4      0x198 c:/programdata/matlab/supportpackages/r2023b/aide/portable/packages/arduino/tools/arm-none-eabi-gcc/4.8.3-2014q1/bin/../lib/gcc/arm-none-eabi/4.8.3/../../../../arm-none-eabi/lib/armv7-m\libg.a(lib_a-freer.o)
                0x000868c4                _free_r
 .text.__sfvwrite_r
                0x00086a5c      0x314 c:/programdata/matlab/supportpackages/r2023b/aide/portable/packages/arduino/tools/arm-none-eabi-gcc/4.8.3-2014q1/bin/../lib/gcc/arm-none-eabi/4.8.3/../../../../arm-none-eabi/lib/armv7-m\libg.a(lib_a-fvwrite.o)
                0x00086a5c                __sfvwrite_r
 .text._fwalk   0x00086d70       0x48 c:/programdata/matlab/supportpackages/r2023b/aide/portable/packages/arduino/tools/arm-none-eabi-gcc/4.8.3-2014q1/bin/../lib/gcc/arm-none-eabi/4.8.3/../../../../arm-none-eabi/lib/armv7-m\libg.a(lib_a-fwalk.o)
                0x00086d70                _fwalk
 .text.__locale_charset
                0x00086db8        0x8 c:/programdata/matlab/supportpackages/r2023b/aide/portable/packages/arduino/tools/arm-none-eabi-gcc/4.8.3-2014q1/bin/../lib/gcc/arm-none-eabi/4.8.3/../../../../arm-none-eabi/lib/armv7-m\libg.a(lib_a-locale.o)
                0x00086db8                __locale_charset
 .text.__locale_mb_cur_max
                0x00086dc0        0xc c:/programdata/matlab/supportpackages/r2023b/aide/portable/packages/arduino/tools/arm-none-eabi-gcc/4.8.3-2014q1/bin/../lib/gcc/arm-none-eabi/4.8.3/../../../../arm-none-eabi/lib/armv7-m\libg.a(lib_a-locale.o)
                0x00086dc0                __locale_mb_cur_max
 .text.__smakebuf_r
                0x00086dcc       0xe0 c:/programdata/matlab/supportpackages/r2023b/aide/portable/packages/arduino/tools/arm-none-eabi-gcc/4.8.3-2014q1/bin/../lib/gcc/arm-none-eabi/4.8.3/../../../../arm-none-eabi/lib/armv7-m\libg.a(lib_a-makebuf.o)
                0x00086dcc                __smakebuf_r
 .text._malloc_r
                0x00086eac      0x538 c:/programdata/matlab/supportpackages/r2023b/aide/portable/packages/arduino/tools/arm-none-eabi-gcc/4.8.3-2014q1/bin/../lib/gcc/arm-none-eabi/4.8.3/../../../../arm-none-eabi/lib/armv7-m\libg.a(lib_a-mallocr.o)
                0x00086eac                _malloc_r
 .text.memchr   0x000873e4       0x94 c:/programdata/matlab/supportpackages/r2023b/aide/portable/packages/arduino/tools/arm-none-eabi-gcc/4.8.3-2014q1/bin/../lib/gcc/arm-none-eabi/4.8.3/../../../../arm-none-eabi/lib/armv7-m\libg.a(lib_a-memchr-stub.o)
                0x000873e4                memchr
 .text.memmove  0x00087478       0xcc c:/programdata/matlab/supportpackages/r2023b/aide/portable/packages/arduino/tools/arm-none-eabi-gcc/4.8.3-2014q1/bin/../lib/gcc/arm-none-eabi/4.8.3/../../../../arm-none-eabi/lib/armv7-m\libg.a(lib_a-memmove.o)
                0x00087478                memmove
 .text.__malloc_lock
                0x00087544        0x4 c:/programdata/matlab/supportpackages/r2023b/aide/portable/packages/arduino/tools/arm-none-eabi-gcc/4.8.3-2014q1/bin/../lib/gcc/arm-none-eabi/4.8.3/../../../../arm-none-eabi/lib/armv7-m\libg.a(lib_a-mlock.o)
                0x00087544                __malloc_lock
 .text.__malloc_unlock
                0x00087548        0x4 c:/programdata/matlab/supportpackages/r2023b/aide/portable/packages/arduino/tools/arm-none-eabi-gcc/4.8.3-2014q1/bin/../lib/gcc/arm-none-eabi/4.8.3/../../../../arm-none-eabi/lib/armv7-m\libg.a(lib_a-mlock.o)
                0x00087548                __malloc_unlock
 .text._realloc_r
                0x0008754c      0x3c0 c:/programdata/matlab/supportpackages/r2023b/aide/portable/packages/arduino/tools/arm-none-eabi-gcc/4.8.3-2014q1/bin/../lib/gcc/arm-none-eabi/4.8.3/../../../../arm-none-eabi/lib/armv7-m\libg.a(lib_a-reallocr.o)
                0x0008754c                _realloc_r
 .text._sbrk_r  0x0008790c       0x24 c:/programdata/matlab/supportpackages/r2023b/aide/portable/packages/arduino/tools/arm-none-eabi-gcc/4.8.3-2014q1/bin/../lib/gcc/arm-none-eabi/4.8.3/../../../../arm-none-eabi/lib/armv7-m\libg.a(lib_a-sbrkr.o)
                0x0008790c                _sbrk_r
 .text._raise_r
                0x00087930       0x58 c:/programdata/matlab/supportpackages/r2023b/aide/portable/packages/arduino/tools/arm-none-eabi-gcc/4.8.3-2014q1/bin/../lib/gcc/arm-none-eabi/4.8.3/../../../../arm-none-eabi/lib/armv7-m\libg.a(lib_a-signal.o)
                0x00087930                _raise_r
 .text.raise    0x00087988       0x10 c:/programdata/matlab/supportpackages/r2023b/aide/portable/packages/arduino/tools/arm-none-eabi-gcc/4.8.3-2014q1/bin/../lib/gcc/arm-none-eabi/4.8.3/../../../../arm-none-eabi/lib/armv7-m\libg.a(lib_a-signal.o)
                0x00087988                raise
 .text._kill_r  0x00087998       0x28 c:/programdata/matlab/supportpackages/r2023b/aide/portable/packages/arduino/tools/arm-none-eabi-gcc/4.8.3-2014q1/bin/../lib/gcc/arm-none-eabi/4.8.3/../../../../arm-none-eabi/lib/armv7-m\libg.a(lib_a-signalr.o)
                0x00087998                _kill_r
 .text._getpid_r
                0x000879c0        0x4 c:/programdata/matlab/supportpackages/r2023b/aide/portable/packages/arduino/tools/arm-none-eabi-gcc/4.8.3-2014q1/bin/../lib/gcc/arm-none-eabi/4.8.3/../../../../arm-none-eabi/lib/armv7-m\libg.a(lib_a-signalr.o)
                0x000879c0                _getpid_r
 .text.__sread  0x000879c4       0x24 c:/programdata/matlab/supportpackages/r2023b/aide/portable/packages/arduino/tools/arm-none-eabi-gcc/4.8.3-2014q1/bin/../lib/gcc/arm-none-eabi/4.8.3/../../../../arm-none-eabi/lib/armv7-m\libg.a(lib_a-stdio.o)
                0x000879c4                __sread
 .text.__swrite
                0x000879e8       0x38 c:/programdata/matlab/supportpackages/r2023b/aide/portable/packages/arduino/tools/arm-none-eabi-gcc/4.8.3-2014q1/bin/../lib/gcc/arm-none-eabi/4.8.3/../../../../arm-none-eabi/lib/armv7-m\libg.a(lib_a-stdio.o)
                0x000879e8                __swrite
 .text.__sseek  0x00087a20       0x20 c:/programdata/matlab/supportpackages/r2023b/aide/portable/packages/arduino/tools/arm-none-eabi-gcc/4.8.3-2014q1/bin/../lib/gcc/arm-none-eabi/4.8.3/../../../../arm-none-eabi/lib/armv7-m\libg.a(lib_a-stdio.o)
                0x00087a20                __sseek
 .text.__sclose
                0x00087a40        0x8 c:/programdata/matlab/supportpackages/r2023b/aide/portable/packages/arduino/tools/arm-none-eabi-gcc/4.8.3-2014q1/bin/../lib/gcc/arm-none-eabi/4.8.3/../../../../arm-none-eabi/lib/armv7-m\libg.a(lib_a-stdio.o)
                0x00087a40                __sclose
 .text.__swbuf_r
                0x00087a48       0xa8 c:/programdata/matlab/supportpackages/r2023b/aide/portable/packages/arduino/tools/arm-none-eabi-gcc/4.8.3-2014q1/bin/../lib/gcc/arm-none-eabi/4.8.3/../../../../arm-none-eabi/lib/armv7-m\libg.a(lib_a-wbuf.o)
                0x00087a48                __swbuf_r
 .text._wcrtomb_r
                0x00087af0       0x50 c:/programdata/matlab/supportpackages/r2023b/aide/portable/packages/arduino/tools/arm-none-eabi-gcc/4.8.3-2014q1/bin/../lib/gcc/arm-none-eabi/4.8.3/../../../../arm-none-eabi/lib/armv7-m\libg.a(lib_a-wcrtomb.o)
                0x00087af0                _wcrtomb_r
 .text.__ascii_wctomb
                0x00087b40       0x1c c:/programdata/matlab/supportpackages/r2023b/aide/portable/packages/arduino/tools/arm-none-eabi-gcc/4.8.3-2014q1/bin/../lib/gcc/arm-none-eabi/4.8.3/../../../../arm-none-eabi/lib/armv7-m\libg.a(lib_a-wctomb_r.o)
                0x00087b40                __ascii_wctomb
 .text._write_r
                0x00087b5c       0x28 c:/programdata/matlab/supportpackages/r2023b/aide/portable/packages/arduino/tools/arm-none-eabi-gcc/4.8.3-2014q1/bin/../lib/gcc/arm-none-eabi/4.8.3/../../../../arm-none-eabi/lib/armv7-m\libg.a(lib_a-writer.o)
                0x00087b5c                _write_r
 .text.__register_exitproc
                0x00087b84       0xa8 c:/programdata/matlab/supportpackages/r2023b/aide/portable/packages/arduino/tools/arm-none-eabi-gcc/4.8.3-2014q1/bin/../lib/gcc/arm-none-eabi/4.8.3/../../../../arm-none-eabi/lib/armv7-m\libg.a(lib_a-__atexit.o)
                0x00087b84                __register_exitproc
 .text._close_r
                0x00087c2c       0x24 c:/programdata/matlab/supportpackages/r2023b/aide/portable/packages/arduino/tools/arm-none-eabi-gcc/4.8.3-2014q1/bin/../lib/gcc/arm-none-eabi/4.8.3/../../../../arm-none-eabi/lib/armv7-m\libg.a(lib_a-closer.o)
                0x00087c2c                _close_r
 .text._fclose_r
                0x00087c50       0x80 c:/programdata/matlab/supportpackages/r2023b/aide/portable/packages/arduino/tools/arm-none-eabi-gcc/4.8.3-2014q1/bin/../lib/gcc/arm-none-eabi/4.8.3/../../../../arm-none-eabi/lib/armv7-m\libg.a(lib_a-fclose.o)
                0x00087c50                _fclose_r
 .text.fclose   0x00087cd0       0x10 c:/programdata/matlab/supportpackages/r2023b/aide/portable/packages/arduino/tools/arm-none-eabi-gcc/4.8.3-2014q1/bin/../lib/gcc/arm-none-eabi/4.8.3/../../../../arm-none-eabi/lib/armv7-m\libg.a(lib_a-fclose.o)
                0x00087cd0                fclose
 .text._fstat_r
                0x00087ce0       0x28 c:/programdata/matlab/supportpackages/r2023b/aide/portable/packages/arduino/tools/arm-none-eabi-gcc/4.8.3-2014q1/bin/../lib/gcc/arm-none-eabi/4.8.3/../../../../arm-none-eabi/lib/armv7-m\libg.a(lib_a-fstatr.o)
                0x00087ce0                _fstat_r
 .text._isatty_r
                0x00087d08       0x24 c:/programdata/matlab/supportpackages/r2023b/aide/portable/packages/arduino/tools/arm-none-eabi-gcc/4.8.3-2014q1/bin/../lib/gcc/arm-none-eabi/4.8.3/../../../../arm-none-eabi/lib/armv7-m\libg.a(lib_a-isattyr.o)
                0x00087d08                _isatty_r
 .text._lseek_r
                0x00087d2c       0x28 c:/programdata/matlab/supportpackages/r2023b/aide/portable/packages/arduino/tools/arm-none-eabi-gcc/4.8.3-2014q1/bin/../lib/gcc/arm-none-eabi/4.8.3/../../../../arm-none-eabi/lib/armv7-m\libg.a(lib_a-lseekr.o)
                0x00087d2c                _lseek_r
 .text._read_r  0x00087d54       0x28 c:/programdata/matlab/supportpackages/r2023b/aide/portable/packages/arduino/tools/arm-none-eabi-gcc/4.8.3-2014q1/bin/../lib/gcc/arm-none-eabi/4.8.3/../../../../arm-none-eabi/lib/armv7-m\libg.a(lib_a-readr.o)
                0x00087d54                _read_r
 .text          0x00087d7c       0x2c c:/programdata/matlab/supportpackages/r2023b/aide/portable/packages/arduino/tools/arm-none-eabi-gcc/4.8.3-2014q1/bin/../lib/gcc/arm-none-eabi/4.8.3/armv7-m\libgcc.a(_aeabi_uldivmod.o)
                0x00087d7c                __aeabi_uldivmod
 .text          0x00087da8       0x60 c:/programdata/matlab/supportpackages/r2023b/aide/portable/packages/arduino/tools/arm-none-eabi-gcc/4.8.3-2014q1/bin/../lib/gcc/arm-none-eabi/4.8.3/armv7-m\libgcc.a(bpabi.o)
                0x00087da8                __gnu_ldivmod_helper
                0x00087dd8                __gnu_uldivmod_helper
 .text          0x00087e08        0x4 c:/programdata/matlab/supportpackages/r2023b/aide/portable/packages/arduino/tools/arm-none-eabi-gcc/4.8.3-2014q1/bin/../lib/gcc/arm-none-eabi/4.8.3/armv7-m\libgcc.a(_dvmd_tls.o)
                0x00087e08                __aeabi_idiv0
                0x00087e08                __aeabi_ldiv0
 .text          0x00087e0c      0x2a0 c:/programdata/matlab/supportpackages/r2023b/aide/portable/packages/arduino/tools/arm-none-eabi-gcc/4.8.3-2014q1/bin/../lib/gcc/arm-none-eabi/4.8.3/armv7-m\libgcc.a(_divdi3.o)
                0x00087e0c                __divdi3
 .text          0x000880ac      0x290 c:/programdata/matlab/supportpackages/r2023b/aide/portable/packages/arduino/tools/arm-none-eabi-gcc/4.8.3-2014q1/bin/../lib/gcc/arm-none-eabi/4.8.3/armv7-m\libgcc.a(_udivdi3.o)
                0x000880ac                __udivdi3
 *(.glue_7t)
 .glue_7t       0x00000000        0x0 linker stubs
 *(.glue_7)
 .glue_7        0x00000000        0x0 linker stubs
 *(.rodata .rodata* .gnu.linkonce.r.*)
 *fill*         0x0008833c        0x4 
 .rodata._ZTV6AS5600
                0x00088340       0x20 AS5600.o
                0x00088340                vtable for AS5600
 .rodata._ZTV7TwoWire
                0x00088360       0x20 Wire.o
                0x00088360                vtable for TwoWire
 .rodata.AS5600_Driver_M
                0x00088380        0x4 AS5600_Driver.o
                0x00088380                AS5600_Driver_M
 .rodata.rtAlwaysEnabled.9691
                0x00088384        0x1 AS5600_Driver.o
 *fill*         0x00088385        0x3 
 .rodata.standardSupportedRxPacket
                0x00088388       0x54 xcp_standard.o
 .rodata.daqSupportedRxPacket
                0x000883dc       0x90 xcp_daq.o
 .rodata.calibrationSupportedRxPacket
                0x0008846c       0x18 xcp_calibration.o
 *fill*         0x00088484        0x4 
 .rodata._ZTV9UARTClass
                0x00088488       0x30 C:/Users/Rafael/DOCUME~1/MATLAB/R2023b/ARDUIN~1/ARDUIN~1/FASTER~1/libcore.a(UARTClass.o)
                0x00088488                vtable for UARTClass
 .rodata._ZTV10USARTClass
                0x000884b8       0x30 C:/Users/Rafael/DOCUME~1/MATLAB/R2023b/ARDUIN~1/ARDUIN~1/FASTER~1/libcore.a(USARTClass.o)
                0x000884b8                vtable for USARTClass
 .rodata.g_APinDescription
                0x000884e8      0xa2c C:/Users/Rafael/DOCUME~1/MATLAB/R2023b/ARDUIN~1/ARDUIN~1/FASTER~1/libcore.a(variant.o)
                0x000884e8                g_APinDescription
 .rodata.__func__.6792
                0x00088f14        0xd C:/ProgramData/MATLAB/SupportPackages/R2023b/aIDE/portable/packages/arduino/hardware/sam/1.6.12/variants/arduino_due_x/libsam_sam3x8e_gcc_rel.a(tc.o)
 .rodata.str1.1
                0x00088f21       0x54 C:/ProgramData/MATLAB/SupportPackages/R2023b/aIDE/portable/packages/arduino/hardware/sam/1.6.12/variants/arduino_due_x/libsam_sam3x8e_gcc_rel.a(tc.o)
 .rodata.__func__.6798
                0x00088f75        0x9 C:/ProgramData/MATLAB/SupportPackages/R2023b/aIDE/portable/packages/arduino/hardware/sam/1.6.12/variants/arduino_due_x/libsam_sam3x8e_gcc_rel.a(tc.o)
 .rodata.__func__.7227
                0x00088f7e        0xe C:/ProgramData/MATLAB/SupportPackages/R2023b/aIDE/portable/packages/arduino/hardware/sam/1.6.12/variants/arduino_due_x/libsam_sam3x8e_gcc_rel.a(twi.o)
 .rodata.__func__.7157
                0x00088f8c        0xd C:/ProgramData/MATLAB/SupportPackages/R2023b/aIDE/portable/packages/arduino/hardware/sam/1.6.12/variants/arduino_due_x/libsam_sam3x8e_gcc_rel.a(twi.o)
 .rodata.__func__.7208
                0x00088f99        0xf C:/ProgramData/MATLAB/SupportPackages/R2023b/aIDE/portable/packages/arduino/hardware/sam/1.6.12/variants/arduino_due_x/libsam_sam3x8e_gcc_rel.a(twi.o)
 .rodata.__func__.7176
                0x00088fa8        0xc C:/ProgramData/MATLAB/SupportPackages/R2023b/aIDE/portable/packages/arduino/hardware/sam/1.6.12/variants/arduino_due_x/libsam_sam3x8e_gcc_rel.a(twi.o)
 .rodata.str1.1
                0x00088fb4       0xb4 C:/ProgramData/MATLAB/SupportPackages/R2023b/aIDE/portable/packages/arduino/hardware/sam/1.6.12/variants/arduino_due_x/libsam_sam3x8e_gcc_rel.a(twi.o)
 .rodata.__func__.7184
                0x00089068        0x9 C:/ProgramData/MATLAB/SupportPackages/R2023b/aIDE/portable/packages/arduino/hardware/sam/1.6.12/variants/arduino_due_x/libsam_sam3x8e_gcc_rel.a(twi.o)
 .rodata.__func__.7240
                0x00089071       0x16 C:/ProgramData/MATLAB/SupportPackages/R2023b/aIDE/portable/packages/arduino/hardware/sam/1.6.12/variants/arduino_due_x/libsam_sam3x8e_gcc_rel.a(twi.o)
 .rodata.__func__.7191
                0x00089087        0xe C:/ProgramData/MATLAB/SupportPackages/R2023b/aIDE/portable/packages/arduino/hardware/sam/1.6.12/variants/arduino_due_x/libsam_sam3x8e_gcc_rel.a(twi.o)
 .rodata.__func__.7231
                0x00089095        0xe C:/ProgramData/MATLAB/SupportPackages/R2023b/aIDE/portable/packages/arduino/hardware/sam/1.6.12/variants/arduino_due_x/libsam_sam3x8e_gcc_rel.a(twi.o)
 .rodata.__func__.7195
                0x000890a3        0xd C:/ProgramData/MATLAB/SupportPackages/R2023b/aIDE/portable/packages/arduino/hardware/sam/1.6.12/variants/arduino_due_x/libsam_sam3x8e_gcc_rel.a(twi.o)
 .rodata.__func__.7222
                0x000890b0        0xd C:/ProgramData/MATLAB/SupportPackages/R2023b/aIDE/portable/packages/arduino/hardware/sam/1.6.12/variants/arduino_due_x/libsam_sam3x8e_gcc_rel.a(twi.o)
 .rodata.__func__.7200
                0x000890bd        0xe C:/ProgramData/MATLAB/SupportPackages/R2023b/aIDE/portable/packages/arduino/hardware/sam/1.6.12/variants/arduino_due_x/libsam_sam3x8e_gcc_rel.a(twi.o)
 .rodata.__func__.7151
                0x000890cb       0x14 C:/ProgramData/MATLAB/SupportPackages/R2023b/aIDE/portable/packages/arduino/hardware/sam/1.6.12/variants/arduino_due_x/libsam_sam3x8e_gcc_rel.a(twi.o)
 *fill*         0x000890df        0x1 
 .rodata        0x000890e0       0x40 C:/ProgramData/MATLAB/SupportPackages/R2023b/aIDE/portable/packages/arduino/hardware/sam/1.6.12/variants/arduino_due_x/libsam_sam3x8e_gcc_rel.a(adc.o)
 .rodata.str1.4
                0x00089120        0x5 c:/programdata/matlab/supportpackages/r2023b/aide/portable/packages/arduino/tools/arm-none-eabi-gcc/4.8.3-2014q1/bin/../lib/gcc/arm-none-eabi/4.8.3/../../../../arm-none-eabi/lib/armv7-m\libm.a(lib_a-w_fmod.o)
                                  0x8 (size before relaxing)
 *fill*         0x00089125        0x3 
 .rodata.Zero   0x00089128       0x10 c:/programdata/matlab/supportpackages/r2023b/aide/portable/packages/arduino/tools/arm-none-eabi-gcc/4.8.3-2014q1/bin/../lib/gcc/arm-none-eabi/4.8.3/../../../../arm-none-eabi/lib/armv7-m\libm.a(lib_a-e_fmod.o)
 .rodata.str1.4
                0x00089138       0x3f c:/programdata/matlab/supportpackages/r2023b/aide/portable/packages/arduino/tools/arm-none-eabi-gcc/4.8.3-2014q1/bin/../lib/gcc/arm-none-eabi/4.8.3/../../../../arm-none-eabi/lib/armv7-m\libg.a(lib_a-assert.o)
                                 0x44 (size before relaxing)
 *fill*         0x00089177        0x1 
 .rodata.str1.4
                0x00089178        0x2 c:/programdata/matlab/supportpackages/r2023b/aide/portable/packages/arduino/tools/arm-none-eabi-gcc/4.8.3-2014q1/bin/../lib/gcc/arm-none-eabi/4.8.3/../../../../arm-none-eabi/lib/armv7-m\libg.a(lib_a-impure.o)
                                  0x4 (size before relaxing)
 *fill*         0x0008917a        0x2 
 .rodata._global_impure_ptr
                0x0008917c        0x4 c:/programdata/matlab/supportpackages/r2023b/aide/portable/packages/arduino/tools/arm-none-eabi-gcc/4.8.3-2014q1/bin/../lib/gcc/arm-none-eabi/4.8.3/../../../../arm-none-eabi/lib/armv7-m\libg.a(lib_a-impure.o)
                0x0008917c                _global_impure_ptr
 .rodata.blanks.6717
                0x00089180       0x10 c:/programdata/matlab/supportpackages/r2023b/aide/portable/packages/arduino/tools/arm-none-eabi-gcc/4.8.3-2014q1/bin/../lib/gcc/arm-none-eabi/4.8.3/../../../../arm-none-eabi/lib/armv7-m\libg.a(lib_a-vfiprintf.o)
 .rodata.str1.4
                0x00089190       0x30 c:/programdata/matlab/supportpackages/r2023b/aide/portable/packages/arduino/tools/arm-none-eabi-gcc/4.8.3-2014q1/bin/../lib/gcc/arm-none-eabi/4.8.3/../../../../arm-none-eabi/lib/armv7-m\libg.a(lib_a-vfiprintf.o)
 .rodata.zeroes.6718
                0x000891c0       0x10 c:/programdata/matlab/supportpackages/r2023b/aide/portable/packages/arduino/tools/arm-none-eabi-gcc/4.8.3-2014q1/bin/../lib/gcc/arm-none-eabi/4.8.3/../../../../arm-none-eabi/lib/armv7-m\libg.a(lib_a-vfiprintf.o)
 *(.ARM.extab* .gnu.linkonce.armextab.*)
                0x000891d0                . = ALIGN (0x4)
 *(.init)
 .init          0x000891d0        0x4 c:/programdata/matlab/supportpackages/r2023b/aide/portable/packages/arduino/tools/arm-none-eabi-gcc/4.8.3-2014q1/bin/../lib/gcc/arm-none-eabi/4.8.3/armv7-m/crti.o
                0x000891d0                _init
 .init          0x000891d4        0x8 c:/programdata/matlab/supportpackages/r2023b/aide/portable/packages/arduino/tools/arm-none-eabi-gcc/4.8.3-2014q1/bin/../lib/gcc/arm-none-eabi/4.8.3/armv7-m/crtn.o
                0x000891dc                . = ALIGN (0x4)
                0x000891dc                __preinit_array_start = .
 *(.preinit_array)
                0x000891dc                __preinit_array_end = .
                0x000891dc                . = ALIGN (0x4)
                0x000891dc                __init_array_start = .
 *(SORT(.init_array.*))
 .init_array.00000
                0x000891dc        0x4 c:/programdata/matlab/supportpackages/r2023b/aide/portable/packages/arduino/tools/arm-none-eabi-gcc/4.8.3-2014q1/bin/../lib/gcc/arm-none-eabi/4.8.3/../../../../arm-none-eabi/lib/armv7-m\libg.a(lib_a-__call_atexit.o)
 *(.init_array)
 .init_array    0x000891e0        0x4 c:/programdata/matlab/supportpackages/r2023b/aide/portable/packages/arduino/tools/arm-none-eabi-gcc/4.8.3-2014q1/bin/../lib/gcc/arm-none-eabi/4.8.3/armv7-m/crtbegin.o
 .init_array    0x000891e4        0x4 AS5600Driver.o
 .init_array    0x000891e8        0x4 SPI.o
 .init_array    0x000891ec        0x4 Wire.o
 .init_array    0x000891f0        0x4 C:/Users/Rafael/DOCUME~1/MATLAB/R2023b/ARDUIN~1/ARDUIN~1/FASTER~1/libcore.a(variant.o)
                0x000891f4                __init_array_end = .
                0x000891f4                . = ALIGN (0x4)
 *crtbegin.o(.ctors)
 *(EXCLUDE_FILE(*crtend.o) .ctors)
 *(SORT(.ctors.*))
 *crtend.o(.ctors)
                0x000891f4                . = ALIGN (0x4)
 *(.fini)
 .fini          0x000891f4        0x4 c:/programdata/matlab/supportpackages/r2023b/aide/portable/packages/arduino/tools/arm-none-eabi-gcc/4.8.3-2014q1/bin/../lib/gcc/arm-none-eabi/4.8.3/armv7-m/crti.o
                0x000891f4                _fini
 .fini          0x000891f8        0x8 c:/programdata/matlab/supportpackages/r2023b/aide/portable/packages/arduino/tools/arm-none-eabi-gcc/4.8.3-2014q1/bin/../lib/gcc/arm-none-eabi/4.8.3/armv7-m/crtn.o
                0x00089200                . = ALIGN (0x4)
                0x00089200                __fini_array_start = .
 *(.fini_array)
 .fini_array    0x00089200        0x4 c:/programdata/matlab/supportpackages/r2023b/aide/portable/packages/arduino/tools/arm-none-eabi-gcc/4.8.3-2014q1/bin/../lib/gcc/arm-none-eabi/4.8.3/armv7-m/crtbegin.o
 *(SORT(.fini_array.*))
                0x00089204                __fini_array_end = .
 *crtbegin.o(.dtors)
 *(EXCLUDE_FILE(*crtend.o) .dtors)
 *(SORT(.dtors.*))
 *crtend.o(.dtors)
                0x00089204                . = ALIGN (0x4)
                0x00089204                _efixed = .
                0x00089204                PROVIDE (__exidx_start, .)

.vfp11_veneer   0x00089204        0x0
 .vfp11_veneer  0x00000000        0x0 linker stubs

.v4_bx          0x00089204        0x0
 .v4_bx         0x00000000        0x0 linker stubs

.iplt           0x00089204        0x0
 .iplt          0x00000000        0x0 c:/programdata/matlab/supportpackages/r2023b/aide/portable/packages/arduino/tools/arm-none-eabi-gcc/4.8.3-2014q1/bin/../lib/gcc/arm-none-eabi/4.8.3/armv7-m/crtbegin.o

.ARM.exidx      0x00089204        0x8
 *(.ARM.exidx* .gnu.linkonce.armexidx.*)
 .ARM.exidx     0x00089204        0x8 c:/programdata/matlab/supportpackages/r2023b/aide/portable/packages/arduino/tools/arm-none-eabi-gcc/4.8.3-2014q1/bin/../lib/gcc/arm-none-eabi/4.8.3/armv7-m\libgcc.a(_divdi3.o)
 .ARM.exidx     0x0008920c        0x0 c:/programdata/matlab/supportpackages/r2023b/aide/portable/packages/arduino/tools/arm-none-eabi-gcc/4.8.3-2014q1/bin/../lib/gcc/arm-none-eabi/4.8.3/armv7-m\libgcc.a(_udivdi3.o)
                                  0x8 (size before relaxing)
                0x0008920c                PROVIDE (__exidx_end, .)

.eh_frame       0x0008920c        0x0
 .eh_frame      0x0008920c        0x0 c:/programdata/matlab/supportpackages/r2023b/aide/portable/packages/arduino/tools/arm-none-eabi-gcc/4.8.3-2014q1/bin/../lib/gcc/arm-none-eabi/4.8.3/armv7-m/crtbegin.o

.rel.dyn        0x0008920c        0x0
 .rel.iplt      0x00000000        0x0 c:/programdata/matlab/supportpackages/r2023b/aide/portable/packages/arduino/tools/arm-none-eabi-gcc/4.8.3-2014q1/bin/../lib/gcc/arm-none-eabi/4.8.3/armv7-m/crtbegin.o

.jcr            0x0008920c        0x0
 .jcr           0x0008920c        0x0 c:/programdata/matlab/supportpackages/r2023b/aide/portable/packages/arduino/tools/arm-none-eabi-gcc/4.8.3-2014q1/bin/../lib/gcc/arm-none-eabi/4.8.3/armv7-m/crtbegin.o

.igot.plt       0x0008920c        0x0
 .igot.plt      0x00000000        0x0 c:/programdata/matlab/supportpackages/r2023b/aide/portable/packages/arduino/tools/arm-none-eabi-gcc/4.8.3-2014q1/bin/../lib/gcc/arm-none-eabi/4.8.3/armv7-m/crtbegin.o
                0x0008920c                . = ALIGN (0x4)
                0x0008920c                _etext = .

.relocate       0x20070000      0x8f4 load address 0x0008920c
                0x20070000                . = ALIGN (0x4)
                0x20070000                _srelocate = .
 *(.ramfunc .ramfunc.*)
 .ramfunc       0x20070000       0x2c C:/Users/Rafael/DOCUME~1/MATLAB/R2023b/ARDUIN~1/ARDUIN~1/FASTER~1/libcore.a(Reset.o)
                0x20070000                banzai
 *(.data .data.*)
 *fill*         0x2007002c        0x4 
 .data.AS5600_Driver_P
                0x20070030        0x8 AS5600_Driver_data.o
                0x20070030                AS5600_Driver_P
 .data.xcpExtmodeFinalSimulationTime
                0x20070038        0x8 xcp_ext_common.o
                0x20070038                xcpExtmodeFinalSimulationTime
 .data.xcpClassicTriggerDuration
                0x20070040        0x4 xcp_ext_classic_trigger.o
                0x20070040                xcpClassicTriggerDuration
 .data.xcpClassicTriggerArmRequest
                0x20070044        0x1 xcp_ext_classic_trigger.o
                0x20070044                xcpClassicTriggerArmRequest
 *fill*         0x20070045        0x3 
 .data.startStopDaqListId
                0x20070048        0x4 xcp_daq.o
 .data.xcpEventCustomMemoryManager
                0x2007004c        0xc xcp_daq.o
 .data.xcpCurrentDaq
                0x20070058        0x4 xcp_daq.o
 .data.xcpCtoReservedMemPoolId
                0x2007005c        0x4 xcp_transport.o
 .data.xcpMemMainBlockSizes
                0x20070060        0xc xcp_mem_default.o
 .data.xcpMemMainBlocksNumber
                0x2007006c        0xc xcp_mem_default.o
 .data.drvID    0x20070078        0x4 xcp_drv_rtiostream.o
 .data.xcpCtoReservedMemPoolId
                0x2007007c        0x4 xcp_frame_serial.o
 .data._ZL5ticks
                0x20070080        0x4 C:/Users/Rafael/DOCUME~1/MATLAB/R2023b/ARDUIN~1/ARDUIN~1/FASTER~1/libcore.a(Reset.o)
 .data.SystemCoreClock
                0x20070084        0x4 C:/ProgramData/MATLAB/SupportPackages/R2023b/aIDE/portable/packages/arduino/hardware/sam/1.6.12/variants/arduino_due_x/libsam_sam3x8e_gcc_rel.a(system_sam3xa.o)
                0x20070084                SystemCoreClock
 .data.__fdlib_version
                0x20070088        0x1 c:/programdata/matlab/supportpackages/r2023b/aide/portable/packages/arduino/tools/arm-none-eabi-gcc/4.8.3-2014q1/bin/../lib/gcc/arm-none-eabi/4.8.3/../../../../arm-none-eabi/lib/armv7-m\libm.a(lib_a-s_lib_ver.o)
                0x20070088                __fdlib_version
 *fill*         0x20070089        0x7 
 .data.impure_data
                0x20070090      0x428 c:/programdata/matlab/supportpackages/r2023b/aide/portable/packages/arduino/tools/arm-none-eabi-gcc/4.8.3-2014q1/bin/../lib/gcc/arm-none-eabi/4.8.3/../../../../arm-none-eabi/lib/armv7-m\libg.a(lib_a-impure.o)
 .data._impure_ptr
                0x200704b8        0x4 c:/programdata/matlab/supportpackages/r2023b/aide/portable/packages/arduino/tools/arm-none-eabi-gcc/4.8.3-2014q1/bin/../lib/gcc/arm-none-eabi/4.8.3/../../../../arm-none-eabi/lib/armv7-m\libg.a(lib_a-impure.o)
                0x200704b8                _impure_ptr
 .data.lc_ctype_charset
                0x200704bc       0x20 c:/programdata/matlab/supportpackages/r2023b/aide/portable/packages/arduino/tools/arm-none-eabi-gcc/4.8.3-2014q1/bin/../lib/gcc/arm-none-eabi/4.8.3/../../../../arm-none-eabi/lib/armv7-m\libg.a(lib_a-locale.o)
 .data.__mb_cur_max
                0x200704dc        0x4 c:/programdata/matlab/supportpackages/r2023b/aide/portable/packages/arduino/tools/arm-none-eabi-gcc/4.8.3-2014q1/bin/../lib/gcc/arm-none-eabi/4.8.3/../../../../arm-none-eabi/lib/armv7-m\libg.a(lib_a-locale.o)
                0x200704dc                __mb_cur_max
 .data.__malloc_av_
                0x200704e0      0x408 c:/programdata/matlab/supportpackages/r2023b/aide/portable/packages/arduino/tools/arm-none-eabi-gcc/4.8.3-2014q1/bin/../lib/gcc/arm-none-eabi/4.8.3/../../../../arm-none-eabi/lib/armv7-m\libg.a(lib_a-mallocr.o)
                0x200704e0                __malloc_av_
 .data.__malloc_trim_threshold
                0x200708e8        0x4 c:/programdata/matlab/supportpackages/r2023b/aide/portable/packages/arduino/tools/arm-none-eabi-gcc/4.8.3-2014q1/bin/../lib/gcc/arm-none-eabi/4.8.3/../../../../arm-none-eabi/lib/armv7-m\libg.a(lib_a-mallocr.o)
                0x200708e8                __malloc_trim_threshold
 .data.__malloc_sbrk_base
                0x200708ec        0x4 c:/programdata/matlab/supportpackages/r2023b/aide/portable/packages/arduino/tools/arm-none-eabi-gcc/4.8.3-2014q1/bin/../lib/gcc/arm-none-eabi/4.8.3/../../../../arm-none-eabi/lib/armv7-m\libg.a(lib_a-mallocr.o)
                0x200708ec                __malloc_sbrk_base
 .data.__wctomb